8.0057 ready dip0=0x80
8.0057 dumpram ram_usa.bin
8.0057 peek 0x3379e 00000000 00000000 
8.0057 credits pos=-1 credits=0 chk=0x03
8.0214 callstr 0x44a4(1,257664,0,0) buf=r1 = 1 "CREDITS 0"
8.0375 menu 1 count=7 items=1,2,3,4,99,98,5
8.0695 menu 2 count=14 items=6,7,9,8,126,100,10,101,11,12,13,18,19,20
8.0858 menu 3 count=6 items=21,22,24,25,26,27
8.1175 menu 4 count=5 items=28,29,30,31,32
8.1496 menu 5 count=7 items=33,34,35,36,38,39,40
8.1657 menu 6 count=5 items=41,42,43,44,45
8.1815 menu 7 count=6 items=46,47,48,49,50,51
8.2135 menu 8 count=7 items=52,53,124,54,55,56,57
8.2457 menu 9 count=5 items=58,125,59,60,61
8.2614 menu 10 count=9 items=62,63,107,64,65,67,68,69,70
8.2776 menu 11 count=16 items=71,72,73,74,75,102,103,104,76,77,105,106,78,79,80,81
8.3095 menu 12 count=9 items=82,83,108,109,84,85,86,87,88
8.3258 menu 13 count=4 items=89,90,91,92
8.3575 menu 14 count=5 items=93,94,95,96,97
8.3895 menu 15 count=5 items=110,113,114,115,116
8.4068 menu 16 count=4 items=117,121,122,123
8.4215 menu 17 count=4 items=127,128,129,130
8.4535 call 0x340(1,0,0,0) = 2 (0x2)
8.4857 call 0x3d8(1,0,0,0) = 2 (0x2)
8.5014 call 0x340(2,0,0,0) = 1 (0x1)
8.5335 call 0x3d8(2,0,0,0) = 1 (0x1)
8.5513 call 0x340(3,0,0,0) = 0 (0x0)
8.5660 call 0x3d8(3,0,0,0) = 0 (0x0)
8.5817 call 0x340(4,0,0,0) = 1 (0x1)
8.6137 call 0x3d8(4,0,0,0) = 1 (0x1)
8.6459 call 0x340(5,0,0,0) = 2 (0x2)
8.6618 call 0x3d8(5,0,0,0) = 2 (0x2)
8.6777 call 0x340(6,0,0,0) = 0 (0x0)
8.7097 call 0x3d8(6,0,0,0) = 0 (0x0)
8.7260 call 0x340(7,0,0,0) = 0 (0x0)
8.7577 call 0x3d8(7,0,0,0) = 0 (0x0)
8.7897 call 0x340(8,0,0,0) = 0 (0x0)
8.8060 call 0x3d8(8,0,0,0) = 0 (0x0)
8.8217 call 0x340(9,0,0,0) = 1 (0x1)
8.8537 call 0x3d8(9,0,0,0) = 1 (0x1)
8.8859 call 0x340(10,0,0,0) = 1 (0x1)
8.9017 call 0x3d8(10,0,0,0) = 1 (0x1)
8.9178 call 0x340(11,0,0,0) = 3 (0x3)
8.9497 call 0x3d8(11,0,0,0) = 3 (0x3)
8.9660 call 0x340(12,0,0,0) = 10 (0xa)
8.9977 call 0x3d8(12,0,0,0) = 10 (0xa)
9.0297 call 0x340(13,0,0,0) = 0 (0x0)
9.0460 call 0x3d8(13,0,0,0) = 0 (0x0)
9.0617 call 0x340(14,0,0,0) = 1 (0x1)
9.0937 call 0x3d8(14,0,0,0) = 1 (0x1)
9.1259 call 0x340(15,0,0,0) = 20000000 (0x1312d00)
9.1417 call 0x3d8(15,0,0,0) = 20000000 (0x1312d00)
9.1738 call 0x340(16,0,0,0) = 60000000 (0x3938700)
9.1897 call 0x3d8(16,0,0,0) = 60000000 (0x3938700)
9.2060 call 0x340(17,0,0,0) = 15000000 (0xe4e1c0)
9.2377 call 0x3d8(17,0,0,0) = 15000000 (0xe4e1c0)
9.2697 call 0x340(18,0,0,0) = 30000000 (0x1c9c380)
9.2860 call 0x3d8(18,0,0,0) = 30000000 (0x1c9c380)
9.3017 call 0x340(19,0,0,0) = 45000000 (0x2aea540)
9.3337 call 0x3d8(19,0,0,0) = 45000000 (0x2aea540)
9.3659 call 0x340(20,0,0,0) = 60000000 (0x3938700)
9.3817 call 0x3d8(20,0,0,0) = 60000000 (0x3938700)
9.3978 call 0x340(21,0,0,0) = 1 (0x1)
9.4298 call 0x3d8(21,0,0,0) = 1 (0x1)
9.4460 call 0x340(22,0,0,0) = 1 (0x1)
9.4617 call 0x3d8(22,0,0,0) = 1 (0x1)
9.4937 call 0x340(23,0,0,0) = 0 (0x0)
9.5259 call 0x3d8(23,0,0,0) = 0 (0x0)
9.5417 call 0x340(24,0,0,0) = 10 (0xa)
9.5577 call 0x3d8(24,0,0,0) = 10 (0xa)
9.5897 call 0x340(25,0,0,0) = 5 (0x5)
9.6060 call 0x3d8(25,0,0,0) = 5 (0x5)
9.6377 call 0x340(26,0,0,0) = 5 (0x5)
9.6697 call 0x3d8(26,0,0,0) = 5 (0x5)
9.6861 call 0x340(27,0,0,0) = 25 (0x19)
9.7017 call 0x3d8(27,0,0,0) = 25 (0x19)
9.7337 call 0x340(28,0,0,0) = 66 (0x42)
9.7659 call 0x3d8(28,0,0,0) = 66 (0x42)
9.7817 call 0x340(29,0,0,0) = 0 (0x0)
9.8137 call 0x3d8(29,0,0,0) = 0 (0x0)
9.8297 call 0x340(30,0,0,0) = 9 (0x9)
9.8460 call 0x3d8(30,0,0,0) = 9 (0x9)
9.8777 call 0x340(31,0,0,0) = 3 (0x3)
9.9097 call 0x3d8(31,0,0,0) = 3 (0x3)
9.9260 call 0x340(32,0,0,0) = 2 (0x2)
9.9419 call 0x3d8(32,0,0,0) = 2 (0x2)
9.9737 call 0x340(33,0,0,0) = 30 (0x1e)
10.0059 call 0x3d8(33,0,0,0) = 30 (0x1e)
10.0217 call 0x340(34,0,0,0) = 0 (0x0)
10.0537 call 0x3d8(34,0,0,0) = 0 (0x0)
10.0697 call 0x340(35,0,0,0) = 2 (0x2)
10.0860 call 0x3d8(35,0,0,0) = 2 (0x2)
10.1177 call 0x340(36,0,0,0) = 1 (0x1)
10.1497 call 0x3d8(36,0,0,0) = 1 (0x1)
10.1660 call 0x340(37,0,0,0) = 0 (0x0)
10.1978 call 0x3d8(37,0,0,0) = 0 (0x0)
10.2137 call 0x340(38,0,0,0) = 5 (0x5)
10.2459 call 0x3d8(38,0,0,0) = 5 (0x5)
10.2617 call 0x340(39,0,0,0) = 0 (0x0)
10.2937 call 0x3d8(39,0,0,0) = 0 (0x0)
10.3260 call 0x340(40,0,0,0) = 0 (0x0)
10.3417 call 0x3d8(40,0,0,0) = 0 (0x0)
10.3737 call 0x340(41,0,0,0) = 0 (0x0)
10.3898 call 0x3d8(41,0,0,0) = 0 (0x0)
10.4060 call 0x340(42,0,0,0) = 0 (0x0)
10.4377 call 0x3d8(42,0,0,0) = 0 (0x0)
10.4539 call 0x340(43,0,0,0) = 1 (0x1)
10.4860 call 0x3d8(43,0,0,0) = 1 (0x1)
10.5017 call 0x340(44,0,0,0) = 0 (0x0)
10.5337 call 0x3d8(44,0,0,0) = 0 (0x0)
10.5675 call 0x340(45,0,0,0) = 0 (0x0)
10.5820 call 0x3d8(45,0,0,0) = 0 (0x0)
10.5980 call 0x340(46,0,0,0) = 1 (0x1)
10.6300 call 0x3d8(46,0,0,0) = 1 (0x1)
10.6462 call 0x340(47,0,0,0) = 0 (0x0)
10.6780 call 0x3d8(47,0,0,0) = 0 (0x0)
10.7101 call 0x340(48,0,0,0) = 1 (0x1)
10.7262 call 0x3d8(48,0,0,0) = 1 (0x1)
10.7419 call 0x340(49,0,0,0) = 75000000 (0x47868c0)
10.7739 call 0x3d8(49,0,0,0) = 75000000 (0x47868c0)
10.8062 call 0x340(50,0,0,0) = 55000000 (0x3473bc0)
10.8220 call 0x3d8(50,0,0,0) = 55000000 (0x3473bc0)
10.8380 call 0x340(51,0,0,0) = 40000000 (0x2625a00)
10.8700 call 0x3d8(51,0,0,0) = 40000000 (0x2625a00)
10.8862 call 0x340(52,0,0,0) = 30000000 (0x1c9c380)
10.9180 call 0x3d8(52,0,0,0) = 30000000 (0x1c9c380)
10.9500 call 0x340(53,0,0,0) = 25000000 (0x17d7840)
10.9664 call 0x3d8(53,0,0,0) = 25000000 (0x17d7840)
10.9820 call 0x340(54,0,0,0) = 0 (0x0)
11.0140 call 0x3d8(54,0,0,0) = 0 (0x0)
11.0462 call 0x340(55,0,0,0) = 1 (0x1)
11.0620 call 0x3d8(55,0,0,0) = 1 (0x1)
11.0940 call 0x340(56,0,0,0) = 1 (0x1)
11.1100 call 0x3d8(56,0,0,0) = 1 (0x1)
11.1262 call 0x340(57,0,0,0) = 0 (0x0)
11.1580 call 0x3d8(57,0,0,0) = 0 (0x0)
11.1900 call 0x340(58,0,0,0) = 0 (0x0)
11.2062 call 0x3d8(58,0,0,0) = 0 (0x0)
11.2221 call 0x340(59,0,0,0) = 0 (0x0)
11.2540 call 0x3d8(59,0,0,0) = 0 (0x0)
11.2862 call 0x340(60,0,0,0) = 0 (0x0)
11.3020 call 0x3d8(60,0,0,0) = 0 (0x0)
11.3340 call 0x340(61,0,0,0) = 2000 (0x7d0)
11.3500 call 0x3d8(61,0,0,0) = 2000 (0x7d0)
11.3662 call 0x340(62,0,0,0) = 30 (0x1e)
11.3821 call 0x3d8(62,0,0,0) = 30 (0x1e)
11.4140 call 0x340(63,0,0,0) = 1 (0x1)
11.4462 call 0x3d8(63,0,0,0) = 1 (0x1)
11.4620 call 0x340(64,0,0,0) = 0 (0x0)
11.4781 call 0x3d8(64,0,0,0) = 0 (0x0)
11.5100 call 0x340(65,0,0,0) = 0 (0x0)
11.5262 call 0x3d8(65,0,0,0) = 0 (0x0)
11.5580 call 0x340(66,0,0,0) = 3 (0x3)
11.5900 call 0x3d8(66,0,0,0) = 3 (0x3)
11.6062 call 0x340(67,0,0,0) = 1 (0x1)
11.6220 call 0x3d8(67,0,0,0) = 1 (0x1)
11.6540 call 0x340(68,0,0,0) = 0 (0x0)
11.6862 call 0x3d8(68,0,0,0) = 0 (0x0)
11.7020 call 0x340(69,0,0,0) = 0 (0x0)
11.7341 call 0x3d8(69,0,0,0) = 0 (0x0)
11.7499 call 0x340(70,0,0,0) = 0 (0x0)
11.7662 call 0x3d8(70,0,0,0) = 0 (0x0)
11.7980 call 0x340(71,0,0,0) = 2 (0x2)
11.8300 call 0x3d8(71,0,0,0) = 2 (0x2)
11.8462 call 0x340(72,0,0,0) = 45 (0x2d)
11.8620 call 0x3d8(72,0,0,0) = 45 (0x2d)
11.8940 call 0x340(73,0,0,0) = 45 (0x2d)
11.9262 call 0x3d8(73,0,0,0) = 45 (0x2d)
11.9420 call 0x340(74,0,0,0) = 45 (0x2d)
11.9740 call 0x3d8(74,0,0,0) = 45 (0x2d)
11.9901 call 0x340(75,0,0,0) = 20 (0x14)
12.0062 call 0x3d8(75,0,0,0) = 20 (0x14)
12.0380 call 0x340(76,0,0,0) = 15 (0xf)
12.0700 call 0x3d8(76,0,0,0) = 15 (0xf)
12.0862 call 0x340(77,0,0,0) = 25 (0x19)
12.1179 call 0x3d8(77,0,0,0) = 25 (0x19)
12.1339 call 0x340(78,0,0,0) = 15 (0xf)
12.1662 call 0x3d8(78,0,0,0) = 15 (0xf)
12.1820 call 0x340(79,0,0,0) = 45 (0x2d)
12.2140 call 0x3d8(79,0,0,0) = 45 (0x2d)
12.2462 call 0x340(80,0,0,0) = 40 (0x28)
12.2620 call 0x3d8(80,0,0,0) = 40 (0x28)
12.2940 call 0x340(81,0,0,0) = 25 (0x19)
12.3262 call 0x3d8(81,0,0,0) = 25 (0x19)
12.3420 call 0x340(82,0,0,0) = 1 (0x1)
12.3741 call 0x3d8(82,0,0,0) = 1 (0x1)
12.3899 call 0x340(83,0,0,0) = 5 (0x5)
12.4062 call 0x3d8(83,0,0,0) = 5 (0x5)
12.4380 call 0x340(84,0,0,0) = 0 (0x0)
12.4700 call 0x3d8(84,0,0,0) = 0 (0x0)
12.4862 call 0x340(85,0,0,0) = 0 (0x0)
12.5021 call 0x3d8(85,0,0,0) = 0 (0x0)
12.5340 call 0x340(86,0,0,0) = 0 (0x0)
12.5662 call 0x3d8(86,0,0,0) = 0 (0x0)
12.5838 call 0x340(87,0,0,0) = 1 (0x1)
12.5982 call 0x3d8(87,0,0,0) = 1 (0x1)
12.6302 call 0x340(88,0,0,0) = 1 (0x1)
12.6464 call 0x3d8(88,0,0,0) = 1 (0x1)
12.6622 call 0x340(89,0,0,0) = 1 (0x1)
12.6942 call 0x3d8(89,0,0,0) = 1 (0x1)
12.7265 call 0x340(90,0,0,0) = 20 (0x14)
12.7422 call 0x3d8(90,0,0,0) = 20 (0x14)
12.7583 call 0x340(91,0,0,0) = 0 (0x0)
12.7902 call 0x3d8(91,0,0,0) = 0 (0x0)
12.8065 call 0x340(92,0,0,0) = 0 (0x0)
12.8382 call 0x3d8(92,0,0,0) = 0 (0x0)
12.8702 call 0x340(93,0,0,0) = 327681 (0x50001)
12.8865 call 0x3d8(93,0,0,0) = 327681 (0x50001)
12.9022 call 0x340(94,0,0,0) = 0 (0x0)
12.9342 call 0x3d8(94,0,0,0) = 0 (0x0)
12.9665 call 0x340(95,0,0,0) = 0 (0x0)
12.9822 call 0x3d8(95,0,0,0) = 0 (0x0)
13.0143 call 0x340(96,0,0,0) = 3 (0x3)
13.0302 call 0x3d8(96,0,0,0) = 3 (0x3)
13.0465 call 0x340(97,0,0,0) = 0 (0x0)
13.0782 call 0x3d8(97,0,0,0) = 0 (0x0)
13.1102 call 0x340(98,0,0,0) = 0 (0x0)
13.1265 call 0x3d8(98,0,0,0) = 0 (0x0)
13.1742 audit 1 sel=0xc0 type=1 value=0 text="0"
13.2222 audit 2 sel=0xc0 type=2 value=0 text="0%"
13.2704 audit 3 sel=0xc0 type=3 value=0 text=" 0:00"
13.3182 audit 4 sel=0xc0 type=3 value=0 text=" 0:00"
13.3666 audit 5 sel=0xc0 type=1 value=0 text="0"
13.3982 audit 6 sel=0xc0 type=1 value=0 text="0"
13.4465 audit 7 sel=0xc0 type=1 value=0 text="0"
13.5102 audit 8 sel=0xc0 type=1 value=0 text="0"
13.5422 audit 9 sel=0xc0 type=1 value=0 text="0"
13.6065 audit 10 sel=0xc0 type=1 value=0 text="0"
13.6542 audit 11 sel=0xc0 type=4 value=0 text="USD 0.00"
13.6865 audit 12 sel=0xc0 type=1 value=0 text="0"
13.7502 audit 13 sel=0xc0 type=1 value=0 text="0"
13.7824 audit 14 sel=0xc0 type=1 value=0 text="0"
13.8465 audit 15 sel=0xc0 type=1 value=0 text="0"
13.8942 audit 16 sel=0xc0 type=2 value=0 text="0%"
13.9265 audit 17 sel=0xc0 type=1 value=0 text="0"
13.9902 audit 18 sel=0xc0 type=1 value=0 text="0"
14.0383 audit 19 sel=0xc0 type=1 value=0 text="0"
14.0865 audit 20 sel=0xc0 type=1 value=0 text="0"
14.1342 audit 21 sel=0xc0 type=1 value=0 text="0"
14.1822 audit 22 sel=0xc0 type=2 value=0 text="0%"
14.2464 audit 23 sel=0xc0 type=1 value=0 text="0"
14.2943 audit 24 sel=0xc0 type=2 value=0 text="0%"
14.3265 audit 25 sel=0xc0 type=1 value=0 text="0"
14.3742 audit 26 sel=0xc0 type=1 value=0 text="0"
14.4222 audit 27 sel=0xc0 type=2 value=0 text="0%"
14.4702 audit 28 sel=0xc0 type=1 value=0 text="0"
14.5182 audit 29 sel=0xc0 type=1 value=0 text="0"
14.5665 audit 30 sel=0xc0 type=5 value=0 text="00"
14.6000 audit 31 sel=0xc0 type=5 value=0 text="00"
14.6467 audit 32 sel=0xc0 type=5 value=0 text="00"
14.6945 audit 33 sel=0xc0 type=5 value=0 text="00"
14.7425 audit 34 sel=0xc0 type=5 value=0 text="00"
14.8067 audit 35 sel=0xc0 type=5 value=0 text="00"
14.8545 audit 36 sel=0xc0 type=5 value=0 text="00"
14.9025 audit 37 sel=0xc0 type=5 value=0 text="00"
14.9505 audit 38 sel=0xc0 type=5 value=0 text="00"
14.9984 audit 39 sel=0xc0 type=5 value=0 text="00"
15.0467 audit 40 sel=0xc0 type=5 value=0 text="00"
15.0945 audit 41 sel=0xc0 type=5 value=0 text="00"
15.1425 audit 42 sel=0xc0 type=5 value=0 text="00"
15.1905 audit 43 sel=0xc0 type=5 value=0 text="00"
15.2385 audit 44 sel=0xc0 type=5 value=0 text="00"
15.2867 audit 45 sel=0xc0 type=5 value=0 text="00"
15.3345 audit 46 sel=0xc0 type=5 value=0 text="00"
15.3667 audit 47 sel=0xc0 type=5 value=0 text="00"
15.4305 audit 48 sel=0xc0 type=1 value=0 text="0"
15.4625 audit 49 sel=0xc0 type=1 value=0 text="0"
15.5267 audit 50 sel=0xc0 type=1 value=0 text="0"
15.5746 audit 51 sel=0xc0 type=1 value=0 text="0"
15.6067 audit 52 sel=0xc0 type=1 value=0 text="0"
15.6705 audit 53 sel=0xc0 type=1 value=0 text="0"
15.7025 audit 54 sel=0xc0 type=1 value=0 text="0"
15.7667 audit 55 sel=0xc0 type=1 value=0 text="0"
15.8145 audit 56 sel=0xc0 type=1 value=0 text="0"
15.8467 audit 57 sel=0xc0 type=1 value=0 text="0"
15.9105 audit 58 sel=0xc0 type=1 value=0 text="0"
15.9585 audit 59 sel=0xc0 type=1 value=0 text="0"
16.0067 audit 60 sel=0xc0 type=1 value=0 text="0"
16.0545 audit 61 sel=0xc0 type=1 value=0 text="0"
16.1025 audit 62 sel=0xc0 type=1 value=0 text="0"
16.1667 audit 63 sel=0xc0 type=1 value=0 text="0"
16.2145 audit 64 sel=0xc0 type=1 value=0 text="0"
16.2467 audit 65 sel=0xc0 type=1 value=0 text="0"
16.3105 audit 66 sel=0xc0 type=1 value=0 text="0"
16.3427 audit 67 sel=0xc0 type=1 value=0 text="0"
16.3905 audit 68 sel=0xc0 type=1 value=0 text="0"
16.4385 audit 69 sel=0xc0 type=1 value=0 text="0"
16.4867 audit 70 sel=0xc0 type=1 value=0 text="0"
16.5345 audit 71 sel=0xc0 type=1 value=0 text="0"
16.5825 audit 72 sel=0xc0 type=2 value=0 text="0%"
16.6164 audit 73 sel=0xc0 type=6 value=0 text="0|0% OF GAMES"
16.6627 audit 74 sel=0xc0 type=6 value=0 text="0|0% OF GAMES"
16.7270 audit 75 sel=0xc0 type=6 value=0 text="0|0% OF GAMES"
16.7747 audit 76 sel=0xc0 type=6 value=0 text="0|0% OF GAMES"
16.8227 audit 77 sel=0xc0 type=6 value=0 text="0|0% OF GAMES"
16.8707 audit 78 sel=0xc0 type=6 value=0 text="0|0% OF GAMES"
16.9187 audit 79 sel=0xc0 type=6 value=0 text="0|0% OF GAMES"
16.9670 audit 80 sel=0xc0 type=6 value=0 text="0|0% OF GAMES"
17.0147 audit 81 sel=0xc0 type=6 value=0 text="0|0% OF GAMES"
17.0627 audit 82 sel=0xc0 type=6 value=0 text="0|0% OF GAMES"
17.1109 audit 83 sel=0xc0 type=6 value=0 text="0|0% OF GAMES"
17.1587 audit 84 sel=0xc0 type=6 value=0 text="0|0% OF GAMES"
17.2070 audit 85 sel=0xc0 type=6 value=0 text="0|0% OF GAMES"
17.2547 audit 86 sel=0xc0 type=1 value=0 text="0"
17.3027 audit 87 sel=0xc0 type=1 value=0 text="0"
17.3507 audit 88 sel=0xc0 type=1 value=0 text="0"
17.3827 audit 89 sel=0xc0 type=1 value=0 text="0"
17.4470 audit 90 sel=0xc0 type=1 value=0 text="0"
17.4947 audit 91 sel=0xc0 type=1 value=0 text="0"
17.5270 audit 92 sel=0xc0 type=1 value=0 text="0"
17.5907 audit 93 sel=0xc0 type=1 value=0 text="0"
17.6229 audit 94 sel=0xc0 type=1 value=0 text="0"
17.6870 audit 95 sel=0xc0 type=6 value=0 text="0|0% OF GAMES"
17.7347 audit 96 sel=0xc0 type=6 value=0 text="0|0% OF GAMES"
17.7670 audit 97 sel=0xc0 type=6 value=0 text="0|0% OF GAMES"
17.8307 audit 98 sel=0xc0 type=6 value=0 text="0|0% OF GAMES"
17.8788 audit 99 sel=0xc0 type=6 value=0 text="0|0% OF GAMES"
17.9270 audit 100 sel=0xc0 type=6 value=0 text="0|0% OF GAMES"
17.9747 audit 101 sel=0xc0 type=6 value=0 text="0|0% OF GAMES"
18.0227 audit 102 sel=0xc0 type=6 value=0 text="0|0% OF GAMES"
18.0870 audit 103 sel=0xc0 type=6 value=0 text="0|0% OF GAMES"
18.1348 audit 104 sel=0xc0 type=6 value=0 text="0|0% OF GAMES"
18.1670 audit 105 sel=0xc0 type=6 value=0 text="0|0% OF GAMES"
18.2307 audit 106 sel=0xc0 type=6 value=0 text="0|0% OF GAMES"
18.2628 audit 107 sel=0xc0 type=6 value=0 text="0|0% OF GAMES"
18.3271 audit 108 sel=0xc0 type=6 value=0 text="0|0% OF GAMES"
18.3747 audit 109 sel=0xc0 type=6 value=0 text="0|0% OF GAMES"
18.4070 audit 110 sel=0xc0 type=6 value=0 text="0|0% OF GAMES"
18.4707 audit 111 sel=0xc0 type=6 value=0 text="0|0% OF GAMES"
18.5187 audit 112 sel=0xc0 type=6 value=0 text="0|0% OF GAMES"
18.5670 audit 113 sel=0xc0 type=6 value=0 text="0|0% OF GAMES"
18.6149 audit 114 sel=0xc0 type=6 value=0 text="0|0% OF GAMES"
18.6474 audit 115 sel=0xc0 type=6 value=0 text="0|0% OF GAMES"
18.6950 audit 116 sel=0xc0 type=6 value=0 text="0|0% OF GAMES"
18.7429 audit 117 sel=0xc0 type=6 value=0 text="0|0% OF GAMES"
18.7910 audit 118 sel=0xc0 type=6 value=0 text="0|0% OF GAMES"
18.8390 audit 119 sel=0xc0 type=6 value=0 text="0|0% OF GAMES"
18.8873 audit 120 sel=0xc0 type=6 value=0 text="0|0% OF GAMES"
18.9350 audit 121 sel=0xc0 type=6 value=0 text="0|0% OF GAMES"
18.9830 audit 122 sel=0xc0 type=6 value=0 text="0|0% OF GAMES"
19.0310 audit 123 sel=0xc0 type=6 value=0 text="0|0% OF GAMES"
19.0790 audit 124 sel=0xc0 type=6 value=0 text="0|0% OF GAMES"
19.1273 audit 125 sel=0xc0 type=6 value=0 text="0|0% OF GAMES"
19.1750 audit 126 sel=0xc0 type=6 value=0 text="0|0% OF GAMES"
19.2230 audit 127 sel=0xc0 type=6 value=0 text="0|0% OF GAMES"
19.2872 audit 128 sel=0xc0 type=6 value=0 text="0|0% OF GAMES"
19.3192 audit 129 sel=0xc0 type=6 value=0 text="0|0% OF GAMES"
19.3673 audit 130 sel=0xc0 type=6 value=0 text="0|0% OF GAMES"
19.4151 audit 131 sel=0xc0 type=6 value=0 text="0|0% OF GAMES"
19.4630 audit 132 sel=0xc0 type=6 value=0 text="0|0% OF GAMES"
19.5272 audit 133 sel=0xc0 type=6 value=0 text="0|0% OF GAMES"
19.5590 audit 134 sel=0xc0 type=6 value=0 text="0|0% OF GAMES"
19.6073 audit 135 sel=0xc0 type=6 value=0 text="0|0% OF GAMES"
19.6711 audit 136 sel=0xc0 type=6 value=0 text="0|0% OF GAMES"
19.7030 audit 137 sel=0xc0 type=6 value=0 text="0|0% OF GAMES"
19.7672 audit 138 sel=0xc0 type=6 value=0 text="0|0% OF GAMES"
19.7990 audit 139 sel=0xc0 type=6 value=0 text="0|0% OF GAMES"
19.8473 audit 140 sel=0xc0 type=6 value=0 text="0|0% OF GAMES"
19.9110 audit 141 sel=0xc0 type=6 value=0 text="0|0% OF GAMES"
19.9430 audit 142 sel=0xc0 type=6 value=0 text="0|0% OF GAMES"
20.0072 audit 143 sel=0xc0 type=6 value=0 text="0|0% OF GAMES"
20.0550 audit 144 sel=0xc0 type=6 value=0 text="0|0% OF GAMES"
20.0873 audit 145 sel=0xc0 type=6 value=0 text="0|0% OF GAMES"
20.1510 audit 146 sel=0xc0 type=6 value=0 text="0|0% OF GAMES"
20.1832 audit 147 sel=0xc0 type=6 value=0 text="0|0% OF GAMES"
20.2472 audit 148 sel=0xc0 type=6 value=0 text="0|0% OF GAMES"
20.2950 audit 149 sel=0xc0 type=6 value=0 text="0|0% OF GAMES"
20.3272 audit 150 sel=0xc0 type=6 value=0 text="0|0% OF GAMES"
20.3749 audit 151 sel=0xc0 type=6 value=0 text="0|0% OF GAMES"
20.4230 audit 152 sel=0xc0 type=6 value=0 text="0|0% OF GAMES"
20.4710 audit 153 sel=0xc0 type=6 value=0 text="0|0% OF GAMES"
20.5190 audit 154 sel=0xc0 type=6 value=0 text="0|0% OF GAMES"
20.5673 audit 155 sel=0xc0 type=6 value=0 text="0|0% OF GAMES"
20.6150 audit 156 sel=0xc0 type=6 value=0 text="0|0% OF GAMES"
20.6632 audit 157 sel=0xc0 type=6 value=0 text="0|0% OF GAMES"
20.7112 audit 158 sel=0xc0 type=6 value=0 text="0|0% OF GAMES"
20.7592 audit 159 sel=0xc0 type=6 value=0 text="0|0% OF GAMES"
20.8075 audit 160 sel=0xc0 type=6 value=0 text="0|0% OF GAMES"
20.8552 audit 161 sel=0xc0 type=6 value=0 text="0|0% OF GAMES"
20.9032 audit 162 sel=0xc0 type=6 value=0 text="0|0% OF GAMES"
20.9514 audit 163 sel=0xc0 type=6 value=0 text="0|0% OF GAMES"
20.9992 audit 164 sel=0xc0 type=6 value=0 text="0|0% OF GAMES"
21.0475 audit 165 sel=0xc0 type=6 value=0 text="0|0% OF GAMES"
21.0952 audit 166 sel=0xc0 type=6 value=0 text="0|0% OF GAMES"
21.1432 audit 1 sel=0x90 type=1 value=0 text="0"
21.2075 audit 5 sel=0x90 type=1 value=0 text="0"
21.2552 audit 6 sel=0x90 type=1 value=0 text="0"
21.3033 audit 7 sel=0x90 type=1 value=0 text="0"
21.3352 audit 8 sel=0x90 type=1 value=0 text="0"
21.3832 audit 9 sel=0x90 type=1 value=0 text="0"
21.4475 audit 10 sel=0x90 type=1 value=0 text="0"
21.4792 audit 11 sel=0x90 type=4 value=0 text="USD 0.00"
21.5275 audit 12 sel=0x90 type=1 value=0 text="0"
21.5275 mark POKE
21.5592 call 0xc3c(17,40,0,0) = 0 (0x0)
21.5912 call 0xc3c(18,10,0,0) = 0 (0x0)
21.6075 call 0xc3c(14,2,0,0) = 0 (0x0)
21.6232 call 0xc3c(15,4,0,0) = 0 (0x0)
21.6552 call 0xc3c(16,5,0,0) = 0 (0x0)
21.6875 call 0xc3c(10,3,0,0) = 0 (0x0)
21.7032 call 0xc3c(11,2,0,0) = 0 (0x0)
21.7194 call 0xc3c(12,1,0,0) = 0 (0x0)
21.7512 call 0xc3c(13,1,0,0) = 0 (0x0)
21.7675 call 0xc3c(9,7,0,0) = 0 (0x0)
21.7992 call 0xc3c(8,120,0,0) = 0 (0x0)
21.8312 call 0xc3c(40,30,0,0) = 0 (0x0)
21.8475 call 0xc3c(41,25,0,0) = 0 (0x0)
21.8632 call 0xc3c(63,9000,0,0) = 0 (0x0)
21.8952 call 0xc3c(60,10000,0,0) = 0 (0x0)
21.9275 call 0xc3c(2,5,0,0) = 0 (0x0)
21.9432 call 0xc3c(3,2,0,0) = 0 (0x0)
21.9754 call 0xc3c(4,1,0,0) = 0 (0x0)
21.9912 call 0xc3c(5,1,0,0) = 0 (0x0)
22.0075 call 0xc3c(6,1,0,0) = 0 (0x0)
22.0392 call 0xc3c(7,13,0,0) = 0 (0x0)
22.0712 call 0xc3c(1,6,0,0) = 0 (0x0)
22.0875 call 0xc3c(19,3,0,0) = 0 (0x0)
22.1032 call 0xc3c(36,2,0,0) = 0 (0x0)
22.1352 call 0xc3c(65,17,0,0) = 0 (0x0)
22.1675 call 0xc3c(66,77,0,0) = 0 (0x0)
22.1832 call 0xc3c(87,4,0,0) = 0 (0x0)
22.2152 call 0xc3c(154,9,0,0) = 0 (0x0)
22.2475 audit 1 sel=0xc0 type=1 value=6 text="6"
22.2953 audit 2 sel=0xc0 type=2 value=45 text="45%"
22.3432 audit 3 sel=0xc0 type=3 value=75 text=" 1:15"
22.3912 audit 4 sel=0xc0 type=3 value=200 text=" 3:20"
22.4392 audit 5 sel=0xc0 type=1 value=5 text="5"
22.4876 audit 6 sel=0xc0 type=1 value=1 text="1"
22.5352 audit 7 sel=0xc0 type=1 value=2 text="2"
22.5832 audit 8 sel=0xc0 type=1 value=1 text="1"
22.6312 audit 9 sel=0xc0 type=1 value=1 text="1"
22.6651 audit 10 sel=0xc0 type=1 value=10 text="10"
22.7277 audit 11 sel=0xc0 type=4 value=13 text="USD 3.25"
22.7595 audit 12 sel=0xc0 type=1 value=13 text="13"
22.8077 audit 13 sel=0xc0 type=1 value=0 text="0"
22.8714 audit 14 sel=0xc0 type=1 value=120 text="120"
22.9035 audit 15 sel=0xc0 type=1 value=7 text="7"
22.9677 audit 16 sel=0xc0 type=2 value=17 text="17%"
22.9996 audit 17 sel=0xc0 type=1 value=3 text="3"
23.0477 audit 18 sel=0xc0 type=1 value=2 text="2"
23.1115 audit 19 sel=0xc0 type=1 value=1 text="1"
23.1435 audit 20 sel=0xc0 type=1 value=1 text="1"
23.2077 audit 21 sel=0xc0 type=1 value=7 text="7"
23.2556 audit 22 sel=0xc0 type=2 value=17 text="17%"
23.2878 audit 23 sel=0xc0 type=1 value=2 text="2"
23.3355 audit 24 sel=0xc0 type=2 value=5 text="5%"
23.3834 audit 25 sel=0xc0 type=1 value=4 text="4"
23.4315 audit 26 sel=0xc0 type=1 value=5 text="5"
23.4795 audit 27 sel=0xc0 type=2 value=12 text="12%"
23.5277 audit 28 sel=0xc0 type=1 value=18 text="18"
23.5755 audit 29 sel=0xc0 type=1 value=50 text="50"
23.6234 audit 30 sel=0xc0 type=5 value=3 text="03"
23.6715 audit 31 sel=0xc0 type=5 value=0 text="00"
23.7195 audit 32 sel=0xc0 type=5 value=0 text="00"
23.7679 audit 33 sel=0xc0 type=5 value=0 text="00"
23.8155 audit 34 sel=0xc0 type=5 value=0 text="00"
23.8635 audit 35 sel=0xc0 type=5 value=0 text="00"
23.9115 audit 36 sel=0xc0 type=5 value=0 text="00"
23.9595 audit 37 sel=0xc0 type=5 value=0 text="00"
24.0077 audit 38 sel=0xc0 type=5 value=0 text="00"
24.0555 audit 39 sel=0xc0 type=5 value=0 text="00"
24.1035 audit 40 sel=0xc0 type=5 value=0 text="00"
24.1515 audit 41 sel=0xc0 type=5 value=0 text="00"
24.1995 audit 42 sel=0xc0 type=5 value=0 text="00"
24.2477 audit 43 sel=0xc0 type=5 value=0 text="00"
24.2955 audit 44 sel=0xc0 type=5 value=0 text="00"
24.3435 audit 45 sel=0xc0 type=5 value=0 text="00"
24.4077 audit 46 sel=0xc0 type=5 value=0 text="00"
24.4555 audit 47 sel=0xc0 type=5 value=0 text="00"
24.5034 audit 48 sel=0xc0 type=1 value=2 text="2"
24.5515 audit 49 sel=0xc0 type=1 value=0 text="0"
24.5995 audit 50 sel=0xc0 type=1 value=0 text="0"
24.6477 audit 51 sel=0xc0 type=1 value=0 text="0"
24.6814 audit 52 sel=0xc0 type=1 value=30 text="30"
24.7280 audit 53 sel=0xc0 type=1 value=65 text="65"
24.7918 audit 54 sel=0xc0 type=1 value=25 text="25"
24.8237 audit 55 sel=0xc0 type=1 value=0 text="0"
24.8879 audit 56 sel=0xc0 type=1 value=0 text="0"
24.9197 audit 57 sel=0xc0 type=1 value=0 text="0"
24.9680 audit 58 sel=0xc0 type=1 value=0 text="0"
25.0317 audit 59 sel=0xc0 type=1 value=0 text="0"
25.0637 audit 60 sel=0xc0 type=1 value=0 text="0"
25.1279 audit 61 sel=0xc0 type=1 value=0 text="0"
25.1757 audit 62 sel=0xc0 type=1 value=0 text="0"
25.2080 audit 63 sel=0xc0 type=1 value=0 text="0"
25.2718 audit 64 sel=0xc0 type=1 value=0 text="0"
25.3038 audit 65 sel=0xc0 type=1 value=0 text="0"
25.3517 audit 66 sel=0xc0 type=1 value=0 text="0"
25.3997 audit 67 sel=0xc0 type=1 value=0 text="0"
25.4480 audit 68 sel=0xc0 type=1 value=0 text="0"
25.4957 audit 69 sel=0xc0 type=1 value=0 text="0"
25.5437 audit 70 sel=0xc0 type=1 value=0 text="0"
25.5917 audit 71 sel=0xc0 type=1 value=0 text="0"
25.6397 audit 72 sel=0xc0 type=2 value=0 text="0%"
25.6880 audit 73 sel=0xc0 type=6 value=17 text="17|34% OF GAMES"
25.7357 audit 74 sel=0xc0 type=6 value=77 text="77|154% OF GAMES"
25.7837 audit 75 sel=0xc0 type=6 value=0 text="0|0% OF GAMES"
25.8317 audit 76 sel=0xc0 type=6 value=0 text="0|0% OF GAMES"
25.8797 audit 77 sel=0xc0 type=6 value=0 text="0|0% OF GAMES"
25.9280 audit 78 sel=0xc0 type=6 value=0 text="0|0% OF GAMES"
25.9757 audit 79 sel=0xc0 type=6 value=0 text="0|0% OF GAMES"
26.0237 audit 80 sel=0xc0 type=6 value=0 text="0|0% OF GAMES"
26.0719 audit 81 sel=0xc0 type=6 value=0 text="0|0% OF GAMES"
26.1197 audit 82 sel=0xc0 type=6 value=0 text="0|0% OF GAMES"
26.1680 audit 83 sel=0xc0 type=6 value=0 text="0|0% OF GAMES"
26.2157 audit 84 sel=0xc0 type=6 value=0 text="0|0% OF GAMES"
26.2638 audit 85 sel=0xc0 type=6 value=0 text="0|0% OF GAMES"
26.3117 audit 86 sel=0xc0 type=1 value=0 text="0"
26.3437 audit 87 sel=0xc0 type=1 value=0 text="0"
26.4080 audit 88 sel=0xc0 type=1 value=0 text="0"
26.4557 audit 89 sel=0xc0 type=1 value=0 text="0"
26.4880 audit 90 sel=0xc0 type=1 value=0 text="0"
26.5517 audit 91 sel=0xc0 type=1 value=0 text="0"
26.5839 audit 92 sel=0xc0 type=1 value=0 text="0"
26.6479 audit 93 sel=0xc0 type=1 value=0 text="0"
26.6976 audit 94 sel=0xc0 type=1 value=0 text="0"
26.7282 audit 95 sel=0xc0 type=6 value=4 text="4|8% OF GAMES"
26.7760 audit 96 sel=0xc0 type=6 value=0 text="0|0% OF GAMES"
26.8240 audit 97 sel=0xc0 type=6 value=0 text="0|0% OF GAMES"
26.8720 audit 98 sel=0xc0 type=6 value=0 text="0|0% OF GAMES"
26.9200 audit 99 sel=0xc0 type=6 value=0 text="0|0% OF GAMES"
26.9683 audit 100 sel=0xc0 type=6 value=0 text="0|0% OF GAMES"
27.0160 audit 101 sel=0xc0 type=6 value=0 text="0|0% OF GAMES"
27.0640 audit 102 sel=0xc0 type=6 value=0 text="0|0% OF GAMES"
27.1120 audit 103 sel=0xc0 type=6 value=0 text="0|0% OF GAMES"
27.1600 audit 104 sel=0xc0 type=6 value=0 text="0|0% OF GAMES"
27.2083 audit 105 sel=0xc0 type=6 value=0 text="0|0% OF GAMES"
27.2561 audit 106 sel=0xc0 type=6 value=0 text="0|0% OF GAMES"
27.2883 audit 107 sel=0xc0 type=6 value=0 text="0|0% OF GAMES"
27.3521 audit 108 sel=0xc0 type=6 value=0 text="0|0% OF GAMES"
27.3839 audit 109 sel=0xc0 type=6 value=0 text="0|0% OF GAMES"
27.4482 audit 110 sel=0xc0 type=6 value=0 text="0|0% OF GAMES"
27.4800 audit 111 sel=0xc0 type=6 value=0 text="0|0% OF GAMES"
27.5283 audit 112 sel=0xc0 type=6 value=0 text="0|0% OF GAMES"
27.5920 audit 113 sel=0xc0 type=6 value=0 text="0|0% OF GAMES"
27.6240 audit 114 sel=0xc0 type=6 value=0 text="0|0% OF GAMES"
27.6882 audit 115 sel=0xc0 type=6 value=0 text="0|0% OF GAMES"
27.7360 audit 116 sel=0xc0 type=6 value=0 text="0|0% OF GAMES"
27.7683 audit 117 sel=0xc0 type=6 value=0 text="0|0% OF GAMES"
27.8320 audit 118 sel=0xc0 type=6 value=0 text="0|0% OF GAMES"
27.8641 audit 119 sel=0xc0 type=6 value=0 text="0|0% OF GAMES"
27.9282 audit 120 sel=0xc0 type=6 value=0 text="0|0% OF GAMES"
27.9760 audit 121 sel=0xc0 type=6 value=0 text="0|0% OF GAMES"
28.0083 audit 122 sel=0xc0 type=6 value=0 text="0|0% OF GAMES"
28.0720 audit 123 sel=0xc0 type=6 value=0 text="0|0% OF GAMES"
28.1201 audit 124 sel=0xc0 type=6 value=0 text="0|0% OF GAMES"
28.1682 audit 125 sel=0xc0 type=6 value=0 text="0|0% OF GAMES"
28.2160 audit 126 sel=0xc0 type=6 value=0 text="0|0% OF GAMES"
28.2640 audit 127 sel=0xc0 type=6 value=0 text="0|0% OF GAMES"
28.3282 audit 128 sel=0xc0 type=6 value=0 text="0|0% OF GAMES"
28.3761 audit 129 sel=0xc0 type=6 value=0 text="0|0% OF GAMES"
28.4083 audit 130 sel=0xc0 type=6 value=0 text="0|0% OF GAMES"
28.4720 audit 131 sel=0xc0 type=6 value=0 text="0|0% OF GAMES"
28.5040 audit 132 sel=0xc0 type=6 value=0 text="0|0% OF GAMES"
28.5682 audit 133 sel=0xc0 type=6 value=0 text="0|0% OF GAMES"
28.6160 audit 134 sel=0xc0 type=6 value=0 text="0|0% OF GAMES"
28.6483 audit 135 sel=0xc0 type=6 value=0 text="0|0% OF GAMES"
28.7140 audit 136 sel=0xc0 type=6 value=0 text="0|0% OF GAMES"
28.7449 audit 137 sel=0xc0 type=6 value=0 text="0|0% OF GAMES"
28.7771 audit 138 sel=0xc0 type=6 value=0 text="0|0% OF GAMES"
28.8094 audit 139 sel=0xc0 type=6 value=0 text="0|0% OF GAMES"
28.8419 audit 140 sel=0xc0 type=6 value=0 text="0|0% OF GAMES"
28.8744 audit 141 sel=0xc0 type=6 value=0 text="0|0% OF GAMES"
28.9069 audit 142 sel=0xc0 type=6 value=0 text="0|0% OF GAMES"
28.9394 audit 143 sel=0xc0 type=6 value=0 text="0|0% OF GAMES"
28.9717 audit 144 sel=0xc0 type=6 value=0 text="0|0% OF GAMES"
29.0036 audit 145 sel=0xc0 type=6 value=0 text="0|0% OF GAMES"
29.0356 audit 146 sel=0xc0 type=6 value=0 text="0|0% OF GAMES"
29.0677 audit 147 sel=0xc0 type=6 value=0 text="0|0% OF GAMES"
29.0997 audit 148 sel=0xc0 type=6 value=0 text="0|0% OF GAMES"
29.1319 audit 149 sel=0xc0 type=6 value=0 text="0|0% OF GAMES"
29.1644 audit 150 sel=0xc0 type=6 value=0 text="0|0% OF GAMES"
29.1969 audit 151 sel=0xc0 type=6 value=0 text="0|0% OF GAMES"
29.2294 audit 152 sel=0xc0 type=6 value=0 text="0|0% OF GAMES"
29.2616 audit 153 sel=0xc0 type=6 value=0 text="0|0% OF GAMES"
29.2939 audit 154 sel=0xc0 type=6 value=0 text="0|0% OF GAMES"
29.3259 audit 155 sel=0xc0 type=6 value=0 text="0|0% OF GAMES"
29.3579 audit 156 sel=0xc0 type=6 value=0 text="0|0% OF GAMES"
29.3899 audit 157 sel=0xc0 type=6 value=0 text="0|0% OF GAMES"
29.4219 audit 158 sel=0xc0 type=6 value=0 text="0|0% OF GAMES"
29.4541 audit 159 sel=0xc0 type=6 value=0 text="0|0% OF GAMES"
29.4866 audit 160 sel=0xc0 type=6 value=0 text="0|0% OF GAMES"
29.5191 audit 161 sel=0xc0 type=6 value=0 text="0|0% OF GAMES"
29.5516 audit 162 sel=0xc0 type=6 value=9 text="9|18% OF GAMES"
29.5841 audit 163 sel=0xc0 type=6 value=0 text="0|0% OF GAMES"
29.6164 audit 164 sel=0xc0 type=6 value=0 text="0|0% OF GAMES"
29.6484 audit 165 sel=0xc0 type=6 value=0 text="0|0% OF GAMES"
29.6804 audit 166 sel=0xc0 type=6 value=0 text="0|0% OF GAMES"
29.7124 audit 1 sel=0x90 type=1 value=0 text="0"
29.7444 audit 5 sel=0x90 type=1 value=0 text="0"
29.7769 audit 6 sel=0x90 type=1 value=0 text="0"
29.8094 audit 7 sel=0x90 type=1 value=0 text="0"
29.8419 audit 8 sel=0x90 type=1 value=0 text="0"
29.8744 audit 9 sel=0x90 type=1 value=0 text="0"
29.9069 audit 10 sel=0x90 type=1 value=0 text="0"
29.9392 audit 11 sel=0x90 type=4 value=0 text="USD 0.00"
29.9712 audit 12 sel=0x90 type=1 value=0 text="0"
29.9712 mark END
30.1806 end
