8.0057 ready dip0=0x80
8.0214 callstr 0xa438(257664,202872,0,128) buf=r0 = 257664 "1/1.00 3/2.00"
8.0375 callstr 0x26a4c(257664,0,0,0) buf=r0 = 257664 "AUSTRALIA 1"
8.0695 callstr 0xa438(257664,202908,0,128) buf=r0 = 257664 "1/1.00"
8.0857 callstr 0x26a4c(257664,1,0,0) buf=r0 = 257664 "AUSTRALIA 2"
8.1175 callstr 0xa438(257664,202952,0,128) buf=r0 = 257664 "1/2.00"
8.1496 callstr 0x26a4c(257664,2,0,0) buf=r0 = 257664 "AUSTRALIA 3"
8.1657 callstr 0xa438(257664,203028,0,128) buf=r0 = 257664 "1/2.00 2/4.00 3/5.00"
8.1815 callstr 0x26a4c(257664,3,0,0) buf=r0 = 257664 "AUSTRALIA 4"
8.2135 callstr 0xa438(257664,203152,0,128) buf=r0 = 257664 "1/3.00 2/5.00 3/8.00 5/10.00"
8.2457 callstr 0x26a4c(257664,4,0,0) buf=r0 = 257664 "AUSTRALIA 5"
8.2614 callstr 0xa438(257664,203208,0,128) buf=r0 = 257664 "1/2.00 2/3.00"
8.2775 callstr 0x26a4c(257664,5,0,0) buf=r0 = 257664 "AUSTRALIA 6"
8.3095 callstr 0xa438(257664,203272,0,128) buf=r0 = 257664 "1/0.50 2/0.75 3/1.00"
8.3257 callstr 0x26a4c(257664,6,0,0) buf=r0 = 257664 "CANADA 1"
8.3575 callstr 0xa438(257664,203300,0,128) buf=r0 = 257664 "1/1.00 3/2.00"
8.3895 callstr 0x26a4c(257664,7,0,0) buf=r0 = 257664 "CANADA 2"
8.4062 callstr 0xa438(257664,205368,0,128) buf=r0 = 257664 "1/3 2/5"
8.4215 callstr 0x26a4c(257664,8,0,0) buf=r0 = 257664 "CROATIA"
8.4535 callstr 0xa438(257664,203356,0,128) buf=r0 = 257664 "1/3 2/5"
8.4857 callstr 0x26a4c(257664,9,0,0) buf=r0 = 257664 "DENMARK 1"
8.5014 callstr 0xa438(257664,203392,0,128) buf=r0 = 257664 "1/2 2/4 3/5 4/7 5/9 7/10"
8.5335 callstr 0x26a4c(257664,10,0,0) buf=r0 = 257664 "DENMARK 2"
8.5513 callstr 0xa438(257664,204428,0,128) buf=r0 = 257664 "1/0.50"
8.5660 callstr 0x26a4c(257664,11,0,0) buf=r0 = 257664 "EURO 1"
8.5817 callstr 0xa438(257664,204472,0,128) buf=r0 = 257664 "1/0.50 2/1.00 3/1.50 5/2.00"
8.6137 callstr 0x26a4c(257664,12,0,0) buf=r0 = 257664 "EURO 2"
8.6459 callstr 0xa438(257664,204508,0,128) buf=r0 = 257664 "1/0.50 3/1.00"
8.6618 callstr 0x26a4c(257664,13,0,0) buf=r0 = 257664 "EURO 3"
8.6777 callstr 0xa438(257664,204552,0,128) buf=r0 = 257664 "1/0.50 2/1.00 3/1.50 6/2.00"
8.7097 callstr 0x26a4c(257664,14,0,0) buf=r0 = 257664 "EURO 4"
8.7267 callstr 0xa438(257664,204596,0,128) buf=r0 = 257664 "1/0.50 3/1.00 4/1.50 7/2.00"
8.7577 callstr 0x26a4c(257664,15,0,0) buf=r0 = 257664 "EURO 5"
8.7897 callstr 0xa438(257664,204628,0,128) buf=r0 = 257664 "2/0.50"
8.8060 callstr 0x26a4c(257664,16,0,0) buf=r0 = 257664 "EURO 6"
8.8217 callstr 0xa438(257664,204692,0,128) buf=r0 = 257664 "1/1.00 2/2.00 3/3.00 5/4.00"
8.8537 callstr 0x26a4c(257664,17,0,0) buf=r0 = 257664 "EURO 7"
8.8859 callstr 0xa438(257664,204736,0,128) buf=r0 = 257664 "1/1.00 3/2.00"
8.9017 callstr 0x26a4c(257664,18,0,0) buf=r0 = 257664 "EURO 8"
8.9184 callstr 0xa438(257664,204780,0,128) buf=r0 = 257664 "1/1.00 2/1.50 3/2.00"
8.9497 callstr 0x26a4c(257664,19,0,0) buf=r0 = 257664 "EURO 9"
8.9665 callstr 0xa438(257664,204836,0,128) buf=r0 = 257664 "1/1.00 3/2.00 7/3.00"
8.9977 callstr 0x26a4c(257664,20,0,0) buf=r0 = 257664 "EURO 10"
9.0297 callstr 0xa438(257664,204880,0,128) buf=r0 = 257664 "1/1.00 4/2.00"
9.0460 callstr 0x26a4c(257664,21,0,0) buf=r0 = 257664 "EURO 11"
9.0617 callstr 0xa438(257664,204944,0,128) buf=r0 = 257664 "2/1.00 4/2.00 6/3.00 9/4.00"
9.0937 callstr 0x26a4c(257664,22,0,0) buf=r0 = 257664 "EURO 12"
9.1259 callstr 0xa438(257664,205056,0,128) buf=r0 = 257664 "1/0.50"
9.1417 callstr 0x26a4c(257664,23,0,0) buf=r0 = 257664 "GERMANY 1"
9.1738 callstr 0xa438(257664,205100,0,128) buf=r0 = 257664 "1/0.50 2/1.00 3/1.50 5/2.00"
9.1897 callstr 0x26a4c(257664,24,0,0) buf=r0 = 257664 "GERMANY 2"
9.2067 callstr 0xa438(257664,205144,0,128) buf=r0 = 257664 "1/0.50 2/1.00 3/1.50 6/2.00"
9.2377 callstr 0x26a4c(257664,25,0,0) buf=r0 = 257664 "GERMANY 3"
9.2697 callstr 0xa438(257664,203448,0,128) buf=r0 = 257664 "1/0.50"
9.2860 callstr 0x26a4c(257664,26,0,0) buf=r0 = 257664 "ITALY 1"
9.3020 callstr 0xa438(257664,203492,0,128) buf=r0 = 257664 "1/1.00 3/2.00"
9.3337 callstr 0x26a4c(257664,27,0,0) buf=r0 = 257664 "ITALY 2"
9.3659 callstr 0xa438(257664,205284,0,128) buf=r0 = 257664 "1/100"
9.3817 callstr 0x26a4c(257664,28,0,0) buf=r0 = 257664 "JAPAN 1"
9.3981 callstr 0xa438(257664,205312,0,128) buf=r0 = 257664 "1/100 3/200"
9.4298 callstr 0x26a4c(257664,29,0,0) buf=r0 = 257664 "JAPAN 2"
9.4460 callstr 0xa438(257664,205580,0,128) buf=r0 = 257664 "1/2"
9.4617 callstr 0x26a4c(257664,30,0,0) buf=r0 = 257664 "LITHUANIA"
9.4937 callstr 0xa438(257664,205420,0,128) buf=r0 = 257664 "1/1"
9.5259 callstr 0x26a4c(257664,31,0,0) buf=r0 = 257664 "MIDDLE EAST"
9.5417 callstr 0xa438(257664,203544,0,128) buf=r0 = 257664 "1/1"
9.5577 callstr 0x26a4c(257664,32,0,0) buf=r0 = 257664 "NEW ZEALAND 1"
9.5897 callstr 0xa438(257664,203572,0,128) buf=r0 = 257664 "1/1 3/2"
9.6060 callstr 0x26a4c(257664,33,0,0) buf=r0 = 257664 "NEW ZEALAND 2"
9.6377 callstr 0xa438(257664,203636,0,128) buf=r0 = 257664 "1/10"
9.6697 callstr 0x26a4c(257664,34,0,0) buf=r0 = 257664 "NORWAY 1"
9.6863 callstr 0xa438(257664,203664,0,128) buf=r0 = 257664 "1/10 3/20"
9.7017 callstr 0x26a4c(257664,35,0,0) buf=r0 = 257664 "NORWAY 2"
9.7337 callstr 0xa438(257664,203692,0,128) buf=r0 = 257664 "1/20"
9.7659 callstr 0x26a4c(257664,36,0,0) buf=r0 = 257664 "NORWAY 3"
9.7817 callstr 0xa438(257664,203724,0,128) buf=r0 = 257664 "1/20 3/40"
9.8137 callstr 0x26a4c(257664,37,0,0) buf=r0 = 257664 "NORWAY 4"
9.8297 callstr 0xa438(257664,203760,0,128) buf=r0 = 257664 "1/10"
9.8460 callstr 0x26a4c(257664,38,0,0) buf=r0 = 257664 "NORWAY 5"
9.8777 callstr 0xa438(257664,203804,0,128) buf=r0 = 257664 "1/10 3/20"
9.9097 callstr 0x26a4c(257664,39,0,0) buf=r0 = 257664 "NORWAY 6"
9.9261 callstr 0xa438(257664,203848,0,128) buf=r0 = 257664 "1/20"
9.9419 callstr 0x26a4c(257664,40,0,0) buf=r0 = 257664 "NORWAY 7"
9.9737 callstr 0xa438(257664,203912,0,128) buf=r0 = 257664 "1/20 3/40"
10.0059 callstr 0x26a4c(257664,41,0,0) buf=r0 = 257664 "NORWAY 8"
10.0217 callstr 0xa438(257664,205000,0,128) buf=r0 = 257664 "1/0.50"
10.0537 callstr 0x26a4c(257664,42,0,0) buf=r0 = 257664 "PORTUGAL"
10.0698 callstr 0xa438(257664,205528,0,128) buf=r0 = 257664 "1/5"
10.0860 callstr 0x26a4c(257664,43,0,0) buf=r0 = 257664 "RUSSIA"
10.1177 callstr 0xa438(257664,205196,0,128) buf=r0 = 257664 "1/2.00"
10.1497 callstr 0x26a4c(257664,44,0,0) buf=r0 = 257664 "SOUTH AFRICA 1"
10.1663 callstr 0xa438(257664,205232,0,128) buf=r0 = 257664 "1/3.00 2/5.00"
10.1978 callstr 0x26a4c(257664,45,0,0) buf=r0 = 257664 "SOUTH AFRICA 2"
10.2137 callstr 0xa438(257664,203980,0,128) buf=r0 = 257664 "1/10 2/15 3/20"
10.2459 callstr 0x26a4c(257664,46,0,0) buf=r0 = 257664 "SWEDEN 1"
10.2617 callstr 0xa438(257664,204012,0,128) buf=r0 = 257664 "1/5"
10.2937 callstr 0x26a4c(257664,47,0,0) buf=r0 = 257664 "SWEDEN 2"
10.3260 callstr 0xa438(257664,204068,0,128) buf=r0 = 257664 "1/1 2/2 3/3 4/4 6/5"
10.3417 callstr 0x26a4c(257664,48,0,0) buf=r0 = 257664 "SWITZERLAND 1"
10.3737 callstr 0xa438(257664,204100,0,128) buf=r0 = 257664 "1/1 3/2 5/3 7/4 9/5"
10.3898 callstr 0x26a4c(257664,49,0,0) buf=r0 = 257664 "SWITZERLAND 2"
10.4061 callstr 0xa438(257664,205472,0,128) buf=r0 = 257664 "1/10"
10.4377 callstr 0x26a4c(257664,50,0,0) buf=r0 = 257664 "TAIWAN"
10.4542 callstr 0xa438(257664,204168,0,128) buf=r0 = 257664 "3/1.00 7/2.00"
10.4860 callstr 0x26a4c(257664,51,0,0) buf=r0 = 257664 "UK 1"
10.5017 callstr 0xa438(257664,204204,0,128) buf=r0 = 257664 "4/1.00"
10.5337 callstr 0x26a4c(257664,52,0,0) buf=r0 = 257664 "UK 2"
10.5675 callstr 0xa438(257664,204248,0,128) buf=r0 = 257664 "1/0.50 2/1.00 3/1.50 5/2.00"
10.5820 callstr 0x26a4c(257664,53,0,0) buf=r0 = 257664 "UK 3"
10.5980 callstr 0xa438(257664,204284,0,128) buf=r0 = 257664 "1/0.30 2/0.60 3/0.90 4/1.00"
10.6300 callstr 0x26a4c(257664,54,0,0) buf=r0 = 257664 "UK 4"
10.6465 callstr 0xa438(257664,204328,0,128) buf=r0 = 257664 "1/1.00 3/2.00"
10.6780 callstr 0x26a4c(257664,55,0,0) buf=r0 = 257664 "UK 5"
10.7101 callstr 0xa438(257664,204372,0,128) buf=r0 = 257664 "3/2.00"
10.7262 callstr 0x26a4c(257664,56,0,0) buf=r0 = 257664 "UK 6"
10.7419 callstr 0xa438(257664,202508,0,128) buf=r0 = 257664 "1/0.25"
10.7739 callstr 0x26a4c(257664,57,0,0) buf=r0 = 257664 "USA 1"
10.8062 callstr 0xa438(257664,202536,0,128) buf=r0 = 257664 "1/0.50 2/0.75 3/1.00"
10.8220 callstr 0x26a4c(257664,58,0,0) buf=r0 = 257664 "USA 2"
10.8381 callstr 0xa438(257664,202564,0,128) buf=r0 = 257664 "1/0.50"
10.8700 callstr 0x26a4c(257664,59,0,0) buf=r0 = 257664 "USA 3"
10.8864 callstr 0xa438(257664,202592,0,128) buf=r0 = 257664 "1/0.50"
10.9180 callstr 0x26a4c(257664,60,0,0) buf=r0 = 257664 "USA 4"
10.9500 callstr 0xa438(257664,202624,0,128) buf=r0 = 257664 "1/0.50 2/1.00 3/1.50 5/2.00"
10.9664 callstr 0x26a4c(257664,61,0,0) buf=r0 = 257664 "USA 5"
10.9820 callstr 0xa438(257664,202652,0,128) buf=r0 = 257664 "1/0.50"
11.0140 callstr 0x26a4c(257664,62,0,0) buf=r0 = 257664 "USA 6"
11.0462 callstr 0xa438(257664,202684,0,128) buf=r0 = 257664 "1/0.50 2/1.00 4/1.50 6/2.00"
11.0620 callstr 0x26a4c(257664,63,0,0) buf=r0 = 257664 "USA 7"
11.0940 callstr 0xa438(257664,202712,0,128) buf=r0 = 257664 "1/0.50 3/1.00"
11.1100 callstr 0x26a4c(257664,64,0,0) buf=r0 = 257664 "USA 8"
11.1264 callstr 0xa438(257664,202740,0,128) buf=r0 = 257664 "1/1.00"
11.1580 callstr 0x26a4c(257664,65,0,0) buf=r0 = 257664 "USA 9"
11.1900 callstr 0xa438(257664,202772,0,128) buf=r0 = 257664 "1/0.75 2/1.50 3/2.00"
11.2062 callstr 0x26a4c(257664,66,0,0) buf=r0 = 257664 "USA 10"
11.2224 callstr 0xa438(257664,202804,0,128) buf=r0 = 257664 "1/1.00 3/2.00"
11.2540 callstr 0x26a4c(257664,67,0,0) buf=r0 = 257664 "USA 11"
11.2862 callstr 0x26a4c(257664,68,0,0) buf=r0 = 257664 "CUSTOM"
11.4939 end
