8.0057 ready dip0=0x80
8.0214 fmt 0x268fc 0 = 257664 "NO BALL SAVES"
8.0375 fmt 0x268fc 1 = 0 " 0:01"
8.0695 fmt 0x268fc 2 = 0 " 0:02"
8.0857 fmt 0x268fc 3 = 0 " 0:03"
8.1175 fmt 0x268fc 4 = 0 " 0:04"
8.1496 fmt 0x268fc 5 = 0 " 0:05"
8.1657 fmt 0x268fc 6 = 0 " 0:06"
8.1815 fmt 0x268fc 7 = 0 " 0:07"
8.2135 fmt 0x268fc 8 = 0 " 0:08"
8.2457 fmt 0x268fc 9 = 0 " 0:09"
8.2614 fmt 0x268fc 10 = 0 " 0:10"
8.2775 fmt 0x268fc 11 = 0 " 0:11"
8.3095 fmt 0x268fc 12 = 0 " 0:12"
8.3257 fmt 0x268fc 13 = 0 " 0:13"
8.3575 fmt 0x268fc 14 = 0 " 0:14"
8.3895 fmt 0x268fc 15 = 0 " 0:15"
8.4060 fmt 0x268fc 16 = 257664 "AUTO"
8.4215 fmt 0x2696c 0 = 257664 "NO EXTRA BALLS"
8.4535 fmt 0x2696c 1 = 0 "1"
8.4857 fmt 0x2696c 2 = 0 "2"
8.5014 fmt 0x2696c 3 = 0 "3"
8.5335 fmt 0x2696c 4 = 0 "4"
8.5513 fmt 0x2696c 5 = 0 "5"
8.5660 fmt 0x2696c 6 = 0 "6"
8.5817 fmt 0x2696c 7 = 0 "7"
8.6137 fmt 0x2696c 8 = 0 "8"
8.6459 fmt 0x2696c 9 = 0 "9"
8.6618 fmt 0x2696c 10 = 257664 "UNLIMITED"
8.6777 fmt 0x269b8 0 = 257664 "NO FREE GAMES"
8.7097 fmt 0x269b8 1 = 0 "1"
8.7260 fmt 0x269b8 2 = 0 "2"
8.7577 fmt 0x269b8 3 = 0 "3"
8.7897 fmt 0x269b8 4 = 0 "4"
8.8060 fmt 0x269b8 5 = 0 "5"
8.8217 fmt 0x269b8 6 = 0 "6"
8.8537 fmt 0x269b8 7 = 0 "7"
8.8859 fmt 0x269b8 8 = 0 "8"
8.9017 fmt 0x269b8 9 = 0 "9"
8.9179 fmt 0x269b8 10 = 257664 "UNLIMITED"
8.9497 fmt 0x26a08 0 = 0 "0%"
8.9660 fmt 0x26a08 1 = 0 "1%"
8.9977 fmt 0x26a08 2 = 0 "2%"
9.0297 fmt 0x26a08 3 = 0 "3%"
9.0460 fmt 0x26a08 4 = 0 "4%"
9.0617 fmt 0x26a08 5 = 0 "5%"
9.0937 fmt 0x26a08 6 = 0 "6%"
9.1259 fmt 0x26a08 7 = 0 "7%"
9.1417 fmt 0x26a08 8 = 0 "8%"
9.1738 fmt 0x26a08 9 = 0 "9%"
9.1897 fmt 0x26a08 10 = 0 "10%"
9.2060 fmt 0x26a08 11 = 257664 "OFF"
9.2377 fmt 0x26a4c 0 = 257664 "AUSTRALIA 1"
9.2697 fmt 0x26a4c 1 = 257664 "AUSTRALIA 2"
9.2860 fmt 0x26a4c 2 = 257664 "AUSTRALIA 3"
9.3017 fmt 0x26a4c 3 = 257664 "AUSTRALIA 4"
9.3337 fmt 0x26a4c 4 = 257664 "AUSTRALIA 5"
9.3659 fmt 0x26a4c 5 = 257664 "AUSTRALIA 6"
9.3817 fmt 0x26a4c 6 = 257664 "CANADA 1"
9.3979 fmt 0x26a4c 7 = 257664 "CANADA 2"
9.4298 fmt 0x26a4c 8 = 257664 "CROATIA"
9.4460 fmt 0x26a4c 9 = 257664 "DENMARK 1"
9.4617 fmt 0x26a4c 10 = 257664 "DENMARK 2"
9.4937 fmt 0x26a4c 11 = 257664 "EURO 1"
9.5259 fmt 0x26a4c 12 = 257664 "EURO 2"
9.5417 fmt 0x26a4c 13 = 257664 "EURO 3"
9.5577 fmt 0x26a4c 14 = 257664 "EURO 4"
9.5897 fmt 0x26a4c 15 = 257664 "EURO 5"
9.6060 fmt 0x26a4c 16 = 257664 "EURO 6"
9.6377 fmt 0x26a4c 17 = 257664 "EURO 7"
9.6697 fmt 0x26a4c 18 = 257664 "EURO 8"
9.6861 fmt 0x26a4c 19 = 257664 "EURO 9"
9.7017 fmt 0x26a4c 20 = 257664 "EURO 10"
9.7337 fmt 0x26a4c 21 = 257664 "EURO 11"
9.7659 fmt 0x26a4c 22 = 257664 "EURO 12"
9.7817 fmt 0x26a4c 23 = 257664 "GERMANY 1"
9.8137 fmt 0x26a4c 24 = 257664 "GERMANY 2"
9.8297 fmt 0x26a4c 25 = 257664 "GERMANY 3"
9.8460 fmt 0x26a4c 26 = 257664 "ITALY 1"
9.8777 fmt 0x26a4c 27 = 257664 "ITALY 2"
9.9097 fmt 0x26a4c 28 = 257664 "JAPAN 1"
9.9260 fmt 0x26a4c 29 = 257664 "JAPAN 2"
9.9419 fmt 0x26a4c 30 = 257664 "LITHUANIA"
9.9737 fmt 0x26a4c 31 = 257664 "MIDDLE EAST"
10.0059 fmt 0x26a4c 32 = 257664 "NEW ZEALAND 1"
10.0217 fmt 0x26a4c 33 = 257664 "NEW ZEALAND 2"
10.0537 fmt 0x26a4c 34 = 257664 "NORWAY 1"
10.0697 fmt 0x26a4c 35 = 257664 "NORWAY 2"
10.0860 fmt 0x26a4c 36 = 257664 "NORWAY 3"
10.1177 fmt 0x26a4c 37 = 257664 "NORWAY 4"
10.1497 fmt 0x26a4c 38 = 257664 "NORWAY 5"
10.1660 fmt 0x26a4c 39 = 257664 "NORWAY 6"
10.1978 fmt 0x26a4c 40 = 257664 "NORWAY 7"
10.2137 fmt 0x26a4c 41 = 257664 "NORWAY 8"
10.2459 fmt 0x26a4c 42 = 257664 "PORTUGAL"
10.2617 fmt 0x26a4c 43 = 257664 "RUSSIA"
10.2937 fmt 0x26a4c 44 = 257664 "SOUTH AFRICA 1"
10.3260 fmt 0x26a4c 45 = 257664 "SOUTH AFRICA 2"
10.3417 fmt 0x26a4c 46 = 257664 "SWEDEN 1"
10.3737 fmt 0x26a4c 47 = 257664 "SWEDEN 2"
10.3898 fmt 0x26a4c 48 = 257664 "SWITZERLAND 1"
10.4060 fmt 0x26a4c 49 = 257664 "SWITZERLAND 2"
10.4377 fmt 0x26a4c 50 = 257664 "TAIWAN"
10.4539 fmt 0x26a4c 51 = 257664 "UK 1"
10.4860 fmt 0x26a4c 52 = 257664 "UK 2"
10.5017 fmt 0x26a4c 53 = 257664 "UK 3"
10.5337 fmt 0x26a4c 54 = 257664 "UK 4"
10.5675 fmt 0x26a4c 55 = 257664 "UK 5"
10.5820 fmt 0x26a4c 56 = 257664 "UK 6"
10.5980 fmt 0x26a4c 57 = 257664 "USA 1"
10.6300 fmt 0x26a4c 58 = 257664 "USA 2"
10.6462 fmt 0x26a4c 59 = 257664 "USA 3"
10.6780 fmt 0x26a4c 60 = 257664 "USA 4"
10.7101 fmt 0x26a4c 61 = 257664 "USA 5"
10.7262 fmt 0x26a4c 62 = 257664 "USA 6"
10.7419 fmt 0x26a4c 63 = 257664 "USA 7"
10.7739 fmt 0x26a4c 64 = 257664 "USA 8"
10.8062 fmt 0x26a4c 65 = 257664 "USA 9"
10.8220 fmt 0x26a4c 66 = 257664 "USA 10"
10.8380 fmt 0x26a4c 67 = 257664 "USA 11"
10.8700 fmt 0x26a4c 68 = 257664 "CUSTOM"
10.8863 fmt 0x26a8c 1 = 0 "01"
10.9180 fmt 0x26a8c 2 = 0 "02"
10.9500 fmt 0x26a8c 3 = 0 "03"
10.9664 fmt 0x26a8c 4 = 0 "04"
10.9820 fmt 0x26a8c 5 = 0 "05"
11.0140 fmt 0x26a8c 6 = 0 "06"
11.0462 fmt 0x26a8c 7 = 0 "07"
11.0620 fmt 0x26a8c 8 = 0 "08"
11.0940 fmt 0x26a8c 9 = 0 "09"
11.1100 fmt 0x26a8c 10 = 0 "10"
11.1262 fmt 0x26a8c 11 = 0 "11"
11.1580 fmt 0x26a8c 12 = 0 "12"
11.1900 fmt 0x26a8c 13 = 0 "13"
11.2062 fmt 0x26a8c 14 = 0 "14"
11.2221 fmt 0x26a8c 15 = 0 "15"
11.2540 fmt 0x26a8c 16 = 0 "16"
11.2862 fmt 0x26a8c 17 = 0 "17"
11.3020 fmt 0x26a8c 18 = 0 "18"
11.3340 fmt 0x26a8c 19 = 0 "19"
11.3500 fmt 0x26a8c 20 = 0 "20"
11.3662 fmt 0x26a8c 21 = 0 "21"
11.3821 fmt 0x26a8c 22 = 0 "22"
11.4140 fmt 0x26a8c 23 = 0 "23"
11.4462 fmt 0x26a8c 24 = 0 "24"
11.4620 fmt 0x26a8c 25 = 0 "25"
11.4781 fmt 0x26a8c 26 = 0 "26"
11.5100 fmt 0x26a8c 27 = 0 "27"
11.5262 fmt 0x26a8c 28 = 0 "28"
11.5580 fmt 0x26a8c 29 = 0 "29"
11.5900 fmt 0x26a8c 30 = 0 "30"
11.6062 fmt 0x26a8c 31 = 0 "31"
11.6220 fmt 0x26a8c 32 = 0 "32"
11.6540 fmt 0x26a8c 33 = 0 "33"
11.6862 fmt 0x26a8c 34 = 0 "34"
11.7020 fmt 0x26a8c 35 = 0 "35"
11.7341 fmt 0x26a8c 36 = 0 "36"
11.7499 fmt 0x26a8c 37 = 0 "37"
11.7662 fmt 0x26a8c 38 = 0 "38"
11.7980 fmt 0x26a8c 39 = 0 "39"
11.8300 fmt 0x26a8c 40 = 0 "40"
11.8462 fmt 0x26a8c 41 = 0 "41"
11.8620 fmt 0x26a8c 42 = 0 "42"
11.8940 fmt 0x26a8c 43 = 0 "43"
11.9262 fmt 0x26a8c 44 = 0 "44"
11.9420 fmt 0x26a8c 45 = 0 "45"
11.9740 fmt 0x26a8c 46 = 0 "46"
11.9901 fmt 0x26a8c 47 = 0 "47"
12.0062 fmt 0x26a8c 48 = 0 "48"
12.0380 fmt 0x26a8c 49 = 0 "49"
12.0700 fmt 0x26a8c 50 = 0 "50"
12.0862 fmt 0x26a8c 1000000 = 0 "1,000,000"
12.1179 fmt 0x26a8c 2000000 = 0 "2,000,000"
12.1339 fmt 0x26a8c 3000000 = 0 "3,000,000"
12.1662 fmt 0x26a8c 4000000 = 0 "4,000,000"
12.1820 fmt 0x26a8c 5000000 = 0 "5,000,000"
12.2140 fmt 0x26a8c 6000000 = 0 "6,000,000"
12.2462 fmt 0x26a8c 7000000 = 0 "7,000,000"
12.2620 fmt 0x26a8c 8000000 = 0 "8,000,000"
12.2940 fmt 0x26a8c 9000000 = 0 "9,000,000"
12.3262 fmt 0x26a8c 10000000 = 0 "10,000,000"
12.3420 fmt 0x26a8c 11000000 = 0 "11,000,000"
12.3741 fmt 0x26a8c 12000000 = 0 "12,000,000"
12.3899 fmt 0x26a8c 13000000 = 0 "13,000,000"
12.4062 fmt 0x26a8c 14000000 = 0 "14,000,000"
12.4380 fmt 0x26a8c 15000000 = 0 "15,000,000"
12.4700 fmt 0x26a8c 16000000 = 0 "16,000,000"
12.4862 fmt 0x26a8c 17000000 = 0 "17,000,000"
12.5021 fmt 0x26a8c 18000000 = 0 "18,000,000"
12.5340 fmt 0x26a8c 19000000 = 0 "19,000,000"
12.5662 fmt 0x26a8c 20000000 = 0 "20,000,000"
12.5838 fmt 0x26a8c 21000000 = 0 "21,000,000"
12.5982 fmt 0x26a8c 22000000 = 0 "22,000,000"
12.6302 fmt 0x26a8c 23000000 = 0 "23,000,000"
12.6464 fmt 0x26a8c 24000000 = 0 "24,000,000"
12.6622 fmt 0x26a8c 25000000 = 0 "25,000,000"
12.6942 fmt 0x26a8c 26000000 = 0 "26,000,000"
12.7265 fmt 0x26a8c 27000000 = 0 "27,000,000"
12.7422 fmt 0x26a8c 28000000 = 0 "28,000,000"
12.7584 fmt 0x26a8c 29000000 = 0 "29,000,000"
12.7902 fmt 0x26a8c 30000000 = 0 "30,000,000"
12.8065 fmt 0x26a8c 31000000 = 0 "31,000,000"
12.8382 fmt 0x26a8c 32000000 = 0 "32,000,000"
12.8702 fmt 0x26a8c 33000000 = 0 "33,000,000"
12.8865 fmt 0x26a8c 34000000 = 0 "34,000,000"
12.9022 fmt 0x26a8c 35000000 = 0 "35,000,000"
12.9342 fmt 0x26a8c 36000000 = 0 "36,000,000"
12.9665 fmt 0x26a8c 37000000 = 0 "37,000,000"
12.9822 fmt 0x26a8c 38000000 = 0 "38,000,000"
13.0143 fmt 0x26a8c 39000000 = 0 "39,000,000"
13.0302 fmt 0x26a8c 40000000 = 0 "40,000,000"
13.0465 fmt 0x26a8c 41000000 = 0 "41,000,000"
13.0782 fmt 0x26a8c 42000000 = 0 "42,000,000"
13.1102 fmt 0x26a8c 43000000 = 0 "43,000,000"
13.1265 fmt 0x26a8c 44000000 = 0 "44,000,000"
13.1423 fmt 0x26a8c 45000000 = 0 "45,000,000"
13.1742 fmt 0x26a8c 46000000 = 0 "46,000,000"
13.2065 fmt 0x26a8c 47000000 = 0 "47,000,000"
13.2222 fmt 0x26a8c 48000000 = 0 "48,000,000"
13.2542 fmt 0x26a8c 49000000 = 0 "49,000,000"
13.2704 fmt 0x26a8c 50000000 = 0 "50,000,000"
13.2865 fmt 0x26a8c 51000000 = 0 "51,000,000"
13.3182 fmt 0x26a8c 52000000 = 0 "52,000,000"
13.3502 fmt 0x26a8c 53000000 = 0 "53,000,000"
13.3666 fmt 0x26a8c 54000000 = 0 "54,000,000"
13.3822 fmt 0x26a8c 55000000 = 0 "55,000,000"
13.3982 fmt 0x26a8c 56000000 = 0 "56,000,000"
13.4302 fmt 0x26a8c 57000000 = 0 "57,000,000"
13.4465 fmt 0x26a8c 58000000 = 0 "58,000,000"
13.4782 fmt 0x26a8c 59000000 = 0 "59,000,000"
13.5102 fmt 0x26a8c 60000000 = 0 "60,000,000"
13.5266 fmt 0x26a8c 61000000 = 0 "61,000,000"
13.5422 fmt 0x26a8c 62000000 = 0 "62,000,000"
13.5742 fmt 0x26a8c 63000000 = 0 "63,000,000"
13.6065 fmt 0x26a8c 64000000 = 0 "64,000,000"
13.6222 fmt 0x26a8c 65000000 = 0 "65,000,000"
13.6542 fmt 0x26a8c 66000000 = 0 "66,000,000"
13.6702 fmt 0x26a8c 67000000 = 0 "67,000,000"
13.6865 fmt 0x26a8c 68000000 = 0 "68,000,000"
13.7182 fmt 0x26a8c 69000000 = 0 "69,000,000"
13.7502 fmt 0x26a8c 70000000 = 0 "70,000,000"
13.7665 fmt 0x26a8c 71000000 = 0 "71,000,000"
13.7824 fmt 0x26a8c 72000000 = 0 "72,000,000"
13.8142 fmt 0x26a8c 73000000 = 0 "73,000,000"
13.8465 fmt 0x26a8c 74000000 = 0 "74,000,000"
13.8622 fmt 0x26a8c 75000000 = 0 "75,000,000"
13.8942 fmt 0x26a8c 76000000 = 0 "76,000,000"
13.9102 fmt 0x26a8c 77000000 = 0 "77,000,000"
13.9265 fmt 0x26a8c 78000000 = 0 "78,000,000"
13.9582 fmt 0x26a8c 79000000 = 0 "79,000,000"
13.9902 fmt 0x26a8c 80000000 = 0 "80,000,000"
14.0065 fmt 0x26a8c 81000000 = 0 "81,000,000"
14.0383 fmt 0x26a8c 82000000 = 0 "82,000,000"
14.0542 fmt 0x26a8c 83000000 = 0 "83,000,000"
14.0865 fmt 0x26a8c 84000000 = 0 "84,000,000"
14.1022 fmt 0x26a8c 85000000 = 0 "85,000,000"
14.1342 fmt 0x26a8c 86000000 = 0 "86,000,000"
14.1665 fmt 0x26a8c 87000000 = 0 "87,000,000"
14.1822 fmt 0x26a8c 88000000 = 0 "88,000,000"
14.2142 fmt 0x26a8c 89000000 = 0 "89,000,000"
14.2464 fmt 0x26a8c 90000000 = 0 "90,000,000"
14.2622 fmt 0x26a8c 91000000 = 0 "91,000,000"
14.2943 fmt 0x26a8c 92000000 = 0 "92,000,000"
14.3102 fmt 0x26a8c 93000000 = 0 "93,000,000"
14.3265 fmt 0x26a8c 94000000 = 0 "94,000,000"
14.3583 fmt 0x26a8c 95000000 = 0 "95,000,000"
14.3742 fmt 0x26a8c 96000000 = 0 "96,000,000"
14.4065 fmt 0x26a8c 97000000 = 0 "97,000,000"
14.4222 fmt 0x26a8c 98000000 = 0 "98,000,000"
14.4382 fmt 0x26a8c 99000000 = 0 "99,000,000"
14.4702 fmt 0x26a8c 100000000 = 0 "100,000,000"
14.4865 fmt 0x26a8c 101000000 = 0 "101,000,000"
14.5182 fmt 0x26a8c 102000000 = 0 "102,000,000"
14.5503 fmt 0x26a8c 103000000 = 0 "103,000,000"
14.5665 fmt 0x26a8c 104000000 = 0 "104,000,000"
14.5824 fmt 0x26a8c 105000000 = 0 "105,000,000"
14.6000 fmt 0x26a8c 106000000 = 0 "106,000,000"
14.6304 fmt 0x26a8c 107000000 = 0 "107,000,000"
14.6468 fmt 0x26a8c 108000000 = 0 "108,000,000"
14.6785 fmt 0x26a8c 109000000 = 0 "109,000,000"
14.6945 fmt 0x26a8c 110000000 = 0 "110,000,000"
14.7267 fmt 0x26a8c 111000000 = 0 "111,000,000"
14.7425 fmt 0x26a8c 112000000 = 0 "112,000,000"
14.7745 fmt 0x26a8c 113000000 = 0 "113,000,000"
14.8067 fmt 0x26a8c 114000000 = 0 "114,000,000"
14.8225 fmt 0x26a8c 115000000 = 0 "115,000,000"
14.8545 fmt 0x26a8c 116000000 = 0 "116,000,000"
14.8867 fmt 0x26a8c 117000000 = 0 "117,000,000"
14.9025 fmt 0x26a8c 118000000 = 0 "118,000,000"
14.9345 fmt 0x26a8c 119000000 = 0 "119,000,000"
14.9505 fmt 0x26a8c 120000000 = 0 "120,000,000"
14.9668 fmt 0x26a8c 121000000 = 0 "121,000,000"
14.9984 fmt 0x26a8c 122000000 = 0 "122,000,000"
15.0305 fmt 0x26a8c 123000000 = 0 "123,000,000"
15.0468 fmt 0x26a8c 124000000 = 0 "124,000,000"
15.0626 fmt 0x26a8c 125000000 = 0 "125,000,000"
15.0945 fmt 0x26a8c 126000000 = 0 "126,000,000"
15.1267 fmt 0x26a8c 127000000 = 0 "127,000,000"
15.1425 fmt 0x26a8c 128000000 = 0 "128,000,000"
15.1745 fmt 0x26a8c 129000000 = 0 "129,000,000"
15.1905 fmt 0x26a8c 130000000 = 0 "130,000,000"
15.2068 fmt 0x26a8c 131000000 = 0 "131,000,000"
15.2385 fmt 0x26a8c 132000000 = 0 "132,000,000"
15.2704 fmt 0x26a8c 133000000 = 0 "133,000,000"
15.2868 fmt 0x26a8c 134000000 = 0 "134,000,000"
15.3186 fmt 0x26a8c 135000000 = 0 "135,000,000"
15.3345 fmt 0x26a8c 136000000 = 0 "136,000,000"
15.3506 fmt 0x26a8c 137000000 = 0 "137,000,000"
15.3667 fmt 0x26a8c 138000000 = 0 "138,000,000"
15.3985 fmt 0x26a8c 139000000 = 0 "139,000,000"
15.4305 fmt 0x26a8c 140000000 = 0 "140,000,000"
15.4467 fmt 0x26a8c 141000000 = 0 "141,000,000"
15.4625 fmt 0x26a8c 142000000 = 0 "142,000,000"
15.4945 fmt 0x26a8c 143000000 = 0 "143,000,000"
15.5267 fmt 0x26a8c 144000000 = 0 "144,000,000"
15.5425 fmt 0x26a8c 145000000 = 0 "145,000,000"
15.5746 fmt 0x26a8c 146000000 = 0 "146,000,000"
15.5905 fmt 0x26a8c 147000000 = 0 "147,000,000"
15.6067 fmt 0x26a8c 148000000 = 0 "148,000,000"
15.6384 fmt 0x26a8c 149000000 = 0 "149,000,000"
15.6705 fmt 0x26a8c 150000000 = 0 "150,000,000"
15.6868 fmt 0x26a8c 151000000 = 0 "151,000,000"
15.7025 fmt 0x26a8c 152000000 = 0 "152,000,000"
15.7345 fmt 0x26a8c 153000000 = 0 "153,000,000"
15.7667 fmt 0x26a8c 154000000 = 0 "154,000,000"
15.7825 fmt 0x26a8c 155000000 = 0 "155,000,000"
15.8145 fmt 0x26a8c 156000000 = 0 "156,000,000"
15.8306 fmt 0x26a8c 157000000 = 0 "157,000,000"
15.8468 fmt 0x26a8c 158000000 = 0 "158,000,000"
15.8784 fmt 0x26a8c 159000000 = 0 "159,000,000"
15.9105 fmt 0x26a8c 160000000 = 0 "160,000,000"
15.9268 fmt 0x26a8c 161000000 = 0 "161,000,000"
15.9585 fmt 0x26a8c 162000000 = 0 "162,000,000"
15.9745 fmt 0x26a8c 163000000 = 0 "163,000,000"
16.0067 fmt 0x26a8c 164000000 = 0 "164,000,000"
16.0225 fmt 0x26a8c 165000000 = 0 "165,000,000"
16.0545 fmt 0x26a8c 166000000 = 0 "166,000,000"
16.0867 fmt 0x26a8c 167000000 = 0 "167,000,000"
16.1025 fmt 0x26a8c 168000000 = 0 "168,000,000"
16.1345 fmt 0x26a8c 169000000 = 0 "169,000,000"
16.1667 fmt 0x26a8c 170000000 = 0 "170,000,000"
16.1825 fmt 0x26a8c 171000000 = 0 "171,000,000"
16.2145 fmt 0x26a8c 172000000 = 0 "172,000,000"
16.2305 fmt 0x26a8c 173000000 = 0 "173,000,000"
16.2467 fmt 0x26a8c 174000000 = 0 "174,000,000"
16.2785 fmt 0x26a8c 175000000 = 0 "175,000,000"
16.3105 fmt 0x26a8c 176000000 = 0 "176,000,000"
16.3268 fmt 0x26a8c 177000000 = 0 "177,000,000"
16.3427 fmt 0x26a8c 178000000 = 0 "178,000,000"
16.3585 fmt 0x26a8c 179000000 = 0 "179,000,000"
16.3905 fmt 0x26a8c 180000000 = 0 "180,000,000"
16.4068 fmt 0x26a8c 181000000 = 0 "181,000,000"
16.4385 fmt 0x26a8c 182000000 = 0 "182,000,000"
16.4705 fmt 0x26a8c 183000000 = 0 "183,000,000"
16.4867 fmt 0x26a8c 184000000 = 0 "184,000,000"
16.5024 fmt 0x26a8c 185000000 = 0 "185,000,000"
16.5345 fmt 0x26a8c 186000000 = 0 "186,000,000"
16.5667 fmt 0x26a8c 187000000 = 0 "187,000,000"
16.5825 fmt 0x26a8c 188000000 = 0 "188,000,000"
16.5988 fmt 0x26a8c 189000000 = 0 "189,000,000"
16.6163 fmt 0x26a8c 190000000 = 0 "190,000,000"
16.6469 fmt 0x26a8c 191000000 = 0 "191,000,000"
16.6627 fmt 0x26a8c 192000000 = 0 "192,000,000"
16.6947 fmt 0x26a8c 193000000 = 0 "193,000,000"
16.7270 fmt 0x26a8c 194000000 = 0 "194,000,000"
16.7427 fmt 0x26a8c 195000000 = 0 "195,000,000"
16.7747 fmt 0x26a8c 196000000 = 0 "196,000,000"
16.8070 fmt 0x26a8c 197000000 = 0 "197,000,000"
16.8227 fmt 0x26a8c 198000000 = 0 "198,000,000"
16.8549 fmt 0x26a8c 199000000 = 0 "199,000,000"
16.8707 fmt 0x26a8c 200000000 = 0 "200,000,000"
16.8870 fmt 0x26a8c 201000000 = 0 "201,000,000"
16.9187 fmt 0x26a8c 202000000 = 0 "202,000,000"
16.9507 fmt 0x26a8c 203000000 = 0 "203,000,000"
16.9670 fmt 0x26a8c 204000000 = 0 "204,000,000"
16.9827 fmt 0x26a8c 205000000 = 0 "205,000,000"
17.0147 fmt 0x26a8c 206000000 = 0 "206,000,000"
17.0470 fmt 0x26a8c 207000000 = 0 "207,000,000"
17.0627 fmt 0x26a8c 208000000 = 0 "208,000,000"
17.0947 fmt 0x26a8c 209000000 = 0 "209,000,000"
17.1109 fmt 0x26a8c 210000000 = 0 "210,000,000"
17.1270 fmt 0x26a8c 211000000 = 0 "211,000,000"
17.1587 fmt 0x26a8c 212000000 = 0 "212,000,000"
17.1907 fmt 0x26a8c 213000000 = 0 "213,000,000"
17.2070 fmt 0x26a8c 214000000 = 0 "214,000,000"
17.2387 fmt 0x26a8c 215000000 = 0 "215,000,000"
17.2547 fmt 0x26a8c 216000000 = 0 "216,000,000"
17.2870 fmt 0x26a8c 217000000 = 0 "217,000,000"
17.3027 fmt 0x26a8c 218000000 = 0 "218,000,000"
17.3348 fmt 0x26a8c 219000000 = 0 "219,000,000"
17.3507 fmt 0x26a8c 220000000 = 0 "220,000,000"
17.3671 fmt 0x26a8c 221000000 = 0 "221,000,000"
17.3827 fmt 0x26a8c 222000000 = 0 "222,000,000"
17.4147 fmt 0x26a8c 223000000 = 0 "223,000,000"
17.4470 fmt 0x26a8c 224000000 = 0 "224,000,000"
17.4627 fmt 0x26a8c 225000000 = 0 "225,000,000"
17.4947 fmt 0x26a8c 226000000 = 0 "226,000,000"
17.5107 fmt 0x26a8c 227000000 = 0 "227,000,000"
17.5270 fmt 0x26a8c 228000000 = 0 "228,000,000"
17.5587 fmt 0x26a8c 229000000 = 0 "229,000,000"
17.5907 fmt 0x26a8c 230000000 = 0 "230,000,000"
17.6070 fmt 0x26a8c 231000000 = 0 "231,000,000"
17.6229 fmt 0x26a8c 232000000 = 0 "232,000,000"
17.6547 fmt 0x26a8c 233000000 = 0 "233,000,000"
17.6870 fmt 0x26a8c 234000000 = 0 "234,000,000"
17.7027 fmt 0x26a8c 235000000 = 0 "235,000,000"
17.7347 fmt 0x26a8c 236000000 = 0 "236,000,000"
17.7507 fmt 0x26a8c 237000000 = 0 "237,000,000"
17.7670 fmt 0x26a8c 238000000 = 0 "238,000,000"
17.7987 fmt 0x26a8c 239000000 = 0 "239,000,000"
17.8307 fmt 0x26a8c 240000000 = 0 "240,000,000"
17.8470 fmt 0x26a8c 241000000 = 0 "241,000,000"
17.8788 fmt 0x26a8c 242000000 = 0 "242,000,000"
17.8947 fmt 0x26a8c 243000000 = 0 "243,000,000"
17.9270 fmt 0x26a8c 244000000 = 0 "244,000,000"
17.9427 fmt 0x26a8c 245000000 = 0 "245,000,000"
17.9747 fmt 0x26a8c 246000000 = 0 "246,000,000"
18.0069 fmt 0x26a8c 247000000 = 0 "247,000,000"
18.0227 fmt 0x26a8c 248000000 = 0 "248,000,000"
18.0547 fmt 0x26a8c 249000000 = 0 "249,000,000"
18.0870 fmt 0x26a8c 250000000 = 0 "250,000,000"
18.1027 fmt 0x26a8c 251000000 = 0 "251,000,000"
18.1348 fmt 0x26a8c 252000000 = 0 "252,000,000"
18.1507 fmt 0x26a8c 253000000 = 0 "253,000,000"
18.1670 fmt 0x26a8c 254000000 = 0 "254,000,000"
18.1987 fmt 0x26a8c 255000000 = 0 "255,000,000"
18.2307 fmt 0x26a8c 256000000 = 0 "256,000,000"
18.2470 fmt 0x26a8c 257000000 = 0 "257,000,000"
18.2628 fmt 0x26a8c 258000000 = 0 "258,000,000"
18.2947 fmt 0x26a8c 259000000 = 0 "259,000,000"
18.3271 fmt 0x26a8c 260000000 = 0 "260,000,000"
18.3427 fmt 0x26a8c 261000000 = 0 "261,000,000"
18.3747 fmt 0x26a8c 262000000 = 0 "262,000,000"
18.3909 fmt 0x26a8c 263000000 = 0 "263,000,000"
18.4070 fmt 0x26a8c 264000000 = 0 "264,000,000"
18.4387 fmt 0x26a8c 265000000 = 0 "265,000,000"
18.4707 fmt 0x26a8c 266000000 = 0 "266,000,000"
18.4870 fmt 0x26a8c 267000000 = 0 "267,000,000"
18.5187 fmt 0x26a8c 268000000 = 0 "268,000,000"
18.5347 fmt 0x26a8c 269000000 = 0 "269,000,000"
18.5670 fmt 0x26a8c 270000000 = 0 "270,000,000"
18.5827 fmt 0x26a8c 271000000 = 0 "271,000,000"
18.6149 fmt 0x26a8c 272000000 = 0 "272,000,000"
18.6326 fmt 0x26a8c 273000000 = 0 "273,000,000"
18.6474 fmt 0x26a8c 274000000 = 0 "274,000,000"
18.6630 fmt 0x26a8c 275000000 = 0 "275,000,000"
18.6950 fmt 0x26a8c 276000000 = 0 "276,000,000"
18.7272 fmt 0x26a8c 277000000 = 0 "277,000,000"
18.7429 fmt 0x26a8c 278000000 = 0 "278,000,000"
18.7749 fmt 0x26a8c 279000000 = 0 "279,000,000"
18.7910 fmt 0x26a8c 280000000 = 0 "280,000,000"
18.8073 fmt 0x26a8c 281000000 = 0 "281,000,000"
18.8390 fmt 0x26a8c 282000000 = 0 "282,000,000"
18.8710 fmt 0x26a8c 283000000 = 0 "283,000,000"
18.8873 fmt 0x26a8c 284000000 = 0 "284,000,000"
18.9031 fmt 0x26a8c 285000000 = 0 "285,000,000"
18.9350 fmt 0x26a8c 286000000 = 0 "286,000,000"
18.9672 fmt 0x26a8c 287000000 = 0 "287,000,000"
18.9830 fmt 0x26a8c 288000000 = 0 "288,000,000"
19.0150 fmt 0x26a8c 289000000 = 0 "289,000,000"
19.0310 fmt 0x26a8c 290000000 = 0 "290,000,000"
19.0473 fmt 0x26a8c 291000000 = 0 "291,000,000"
19.0790 fmt 0x26a8c 292000000 = 0 "292,000,000"
19.1110 fmt 0x26a8c 293000000 = 0 "293,000,000"
19.1272 fmt 0x26a8c 294000000 = 0 "294,000,000"
19.1591 fmt 0x26a8c 295000000 = 0 "295,000,000"
19.1750 fmt 0x26a8c 296000000 = 0 "296,000,000"
19.2072 fmt 0x26a8c 297000000 = 0 "297,000,000"
19.2230 fmt 0x26a8c 298000000 = 0 "298,000,000"
19.2550 fmt 0x26a8c 299000000 = 0 "299,000,000"
19.2872 fmt 0x26a8c 300000000 = 0 "300,000,000"
19.3030 fmt 0x26a8c 301000000 = 0 "301,000,000"
19.3191 fmt 0x26a8c 302000000 = 0 "302,000,000"
19.3510 fmt 0x26a8c 303000000 = 0 "303,000,000"
19.3672 fmt 0x26a8c 304000000 = 0 "304,000,000"
19.3989 fmt 0x26a8c 305000000 = 0 "305,000,000"
19.4151 fmt 0x26a8c 306000000 = 0 "306,000,000"
19.4472 fmt 0x26a8c 307000000 = 0 "307,000,000"
19.4630 fmt 0x26a8c 308000000 = 0 "308,000,000"
19.4949 fmt 0x26a8c 309000000 = 0 "309,000,000"
19.5272 fmt 0x26a8c 310000000 = 0 "310,000,000"
19.5430 fmt 0x26a8c 311000000 = 0 "311,000,000"
19.5590 fmt 0x26a8c 312000000 = 0 "312,000,000"
19.5910 fmt 0x26a8c 313000000 = 0 "313,000,000"
19.6072 fmt 0x26a8c 314000000 = 0 "314,000,000"
19.6390 fmt 0x26a8c 315000000 = 0 "315,000,000"
19.6711 fmt 0x26a8c 316000000 = 0 "316,000,000"
19.6872 fmt 0x26a8c 317000000 = 0 "317,000,000"
19.7030 fmt 0x26a8c 318000000 = 0 "318,000,000"
19.7350 fmt 0x26a8c 319000000 = 0 "319,000,000"
19.7672 fmt 0x26a8c 320000000 = 0 "320,000,000"
19.7830 fmt 0x26a8c 321000000 = 0 "321,000,000"
19.7990 fmt 0x26a8c 322000000 = 0 "322,000,000"
19.8310 fmt 0x26a8c 323000000 = 0 "323,000,000"
19.8473 fmt 0x26a8c 324000000 = 0 "324,000,000"
19.8790 fmt 0x26a8c 325000000 = 0 "325,000,000"
19.9110 fmt 0x26a8c 326000000 = 0 "326,000,000"
19.9274 fmt 0x26a8c 327000000 = 0 "327,000,000"
19.9430 fmt 0x26a8c 328000000 = 0 "328,000,000"
19.9750 fmt 0x26a8c 329000000 = 0 "329,000,000"
20.0072 fmt 0x26a8c 330000000 = 0 "330,000,000"
20.0229 fmt 0x26a8c 331000000 = 0 "331,000,000"
20.0550 fmt 0x26a8c 332000000 = 0 "332,000,000"
20.0710 fmt 0x26a8c 333000000 = 0 "333,000,000"
20.0873 fmt 0x26a8c 334000000 = 0 "334,000,000"
20.1189 fmt 0x26a8c 335000000 = 0 "335,000,000"
20.1510 fmt 0x26a8c 336000000 = 0 "336,000,000"
20.1673 fmt 0x26a8c 337000000 = 0 "337,000,000"
20.1831 fmt 0x26a8c 338000000 = 0 "338,000,000"
20.2150 fmt 0x26a8c 339000000 = 0 "339,000,000"
20.2472 fmt 0x26a8c 340000000 = 0 "340,000,000"
20.2630 fmt 0x26a8c 341000000 = 0 "341,000,000"
20.2950 fmt 0x26a8c 342000000 = 0 "342,000,000"
20.3111 fmt 0x26a8c 343000000 = 0 "343,000,000"
20.3272 fmt 0x26a8c 344000000 = 0 "344,000,000"
20.3430 fmt 0x26a8c 345000000 = 0 "345,000,000"
20.3749 fmt 0x26a8c 346000000 = 0 "346,000,000"
20.4072 fmt 0x26a8c 347000000 = 0 "347,000,000"
20.4230 fmt 0x26a8c 348000000 = 0 "348,000,000"
20.4391 fmt 0x26a8c 349000000 = 0 "349,000,000"
20.4710 fmt 0x26a8c 350000000 = 0 "350,000,000"
20.4872 fmt 0x26a8c 351000000 = 0 "351,000,000"
20.5190 fmt 0x26a8c 352000000 = 0 "352,000,000"
20.5510 fmt 0x26a8c 353000000 = 0 "353,000,000"
20.5672 fmt 0x26a8c 354000000 = 0 "354,000,000"
20.5830 fmt 0x26a8c 355000000 = 0 "355,000,000"
20.6150 fmt 0x26a8c 356000000 = 0 "356,000,000"
20.6488 fmt 0x26a8c 357000000 = 0 "357,000,000"
20.6632 fmt 0x26a8c 358000000 = 0 "358,000,000"
20.6953 fmt 0x26a8c 359000000 = 0 "359,000,000"
20.7112 fmt 0x26a8c 360000000 = 0 "360,000,000"
20.7275 fmt 0x26a8c 361000000 = 0 "361,000,000"
20.7592 fmt 0x26a8c 362000000 = 0 "362,000,000"
20.7912 fmt 0x26a8c 363000000 = 0 "363,000,000"
20.8075 fmt 0x26a8c 364000000 = 0 "364,000,000"
20.8233 fmt 0x26a8c 365000000 = 0 "365,000,000"
20.8552 fmt 0x26a8c 366000000 = 0 "366,000,000"
20.8874 fmt 0x26a8c 367000000 = 0 "367,000,000"
20.9032 fmt 0x26a8c 368000000 = 0 "368,000,000"
20.9352 fmt 0x26a8c 369000000 = 0 "369,000,000"
20.9514 fmt 0x26a8c 370000000 = 0 "370,000,000"
20.9675 fmt 0x26a8c 371000000 = 0 "371,000,000"
20.9992 fmt 0x26a8c 372000000 = 0 "372,000,000"
21.0312 fmt 0x26a8c 373000000 = 0 "373,000,000"
21.0475 fmt 0x26a8c 374000000 = 0 "374,000,000"
21.0792 fmt 0x26a8c 375000000 = 0 "375,000,000"
21.0952 fmt 0x26a8c 376000000 = 0 "376,000,000"
21.1274 fmt 0x26a8c 377000000 = 0 "377,000,000"
21.1432 fmt 0x26a8c 378000000 = 0 "378,000,000"
21.1752 fmt 0x26a8c 379000000 = 0 "379,000,000"
21.2075 fmt 0x26a8c 380000000 = 0 "380,000,000"
21.2232 fmt 0x26a8c 381000000 = 0 "381,000,000"
21.2552 fmt 0x26a8c 382000000 = 0 "382,000,000"
21.2875 fmt 0x26a8c 383000000 = 0 "383,000,000"
21.3033 fmt 0x26a8c 384000000 = 0 "384,000,000"
21.3192 fmt 0x26a8c 385000000 = 0 "385,000,000"
21.3352 fmt 0x26a8c 386000000 = 0 "386,000,000"
21.3674 fmt 0x26a8c 387000000 = 0 "387,000,000"
21.3832 fmt 0x26a8c 388000000 = 0 "388,000,000"
21.4152 fmt 0x26a8c 389000000 = 0 "389,000,000"
21.4475 fmt 0x26a8c 390000000 = 0 "390,000,000"
21.4634 fmt 0x26a8c 391000000 = 0 "391,000,000"
21.4792 fmt 0x26a8c 392000000 = 0 "392,000,000"
21.5112 fmt 0x26a8c 393000000 = 0 "393,000,000"
21.5275 fmt 0x26a8c 394000000 = 0 "394,000,000"
21.5592 fmt 0x26a8c 395000000 = 0 "395,000,000"
21.5912 fmt 0x26a8c 396000000 = 0 "396,000,000"
21.6075 fmt 0x26a8c 397000000 = 0 "397,000,000"
21.6232 fmt 0x26a8c 398000000 = 0 "398,000,000"
21.6552 fmt 0x26a8c 399000000 = 0 "399,000,000"
21.6875 fmt 0x26a8c 400000000 = 0 "400,000,000"
21.7032 fmt 0x26a8c 401000000 = 0 "401,000,000"
21.7194 fmt 0x26a8c 402000000 = 0 "402,000,000"
21.7512 fmt 0x26a8c 403000000 = 0 "403,000,000"
21.7675 fmt 0x26a8c 404000000 = 0 "404,000,000"
21.7992 fmt 0x26a8c 405000000 = 0 "405,000,000"
21.8312 fmt 0x26a8c 406000000 = 0 "406,000,000"
21.8475 fmt 0x26a8c 407000000 = 0 "407,000,000"
21.8632 fmt 0x26a8c 408000000 = 0 "408,000,000"
21.8952 fmt 0x26a8c 409000000 = 0 "409,000,000"
21.9275 fmt 0x26a8c 410000000 = 0 "410,000,000"
21.9432 fmt 0x26a8c 411000000 = 0 "411,000,000"
21.9754 fmt 0x26a8c 412000000 = 0 "412,000,000"
21.9912 fmt 0x26a8c 413000000 = 0 "413,000,000"
22.0075 fmt 0x26a8c 414000000 = 0 "414,000,000"
22.0392 fmt 0x26a8c 415000000 = 0 "415,000,000"
22.0712 fmt 0x26a8c 416000000 = 0 "416,000,000"
22.0875 fmt 0x26a8c 417000000 = 0 "417,000,000"
22.1033 fmt 0x26a8c 418000000 = 0 "418,000,000"
22.1352 fmt 0x26a8c 419000000 = 0 "419,000,000"
22.1675 fmt 0x26a8c 420000000 = 0 "420,000,000"
22.1832 fmt 0x26a8c 421000000 = 0 "421,000,000"
22.2152 fmt 0x26a8c 422000000 = 0 "422,000,000"
22.2314 fmt 0x26a8c 423000000 = 0 "423,000,000"
22.2475 fmt 0x26a8c 424000000 = 0 "424,000,000"
22.2792 fmt 0x26a8c 425000000 = 0 "425,000,000"
22.2954 fmt 0x26a8c 426000000 = 0 "426,000,000"
22.3275 fmt 0x26a8c 427000000 = 0 "427,000,000"
22.3432 fmt 0x26a8c 428000000 = 0 "428,000,000"
22.3592 fmt 0x26a8c 429000000 = 0 "429,000,000"
22.3912 fmt 0x26a8c 430000000 = 0 "430,000,000"
22.4075 fmt 0x26a8c 431000000 = 0 "431,000,000"
22.4392 fmt 0x26a8c 432000000 = 0 "432,000,000"
22.4712 fmt 0x26a8c 433000000 = 0 "433,000,000"
22.4876 fmt 0x26a8c 434000000 = 0 "434,000,000"
22.5032 fmt 0x26a8c 435000000 = 0 "435,000,000"
22.5352 fmt 0x26a8c 436000000 = 0 "436,000,000"
22.5675 fmt 0x26a8c 437000000 = 0 "437,000,000"
22.5832 fmt 0x26a8c 438000000 = 0 "438,000,000"
22.6152 fmt 0x26a8c 439000000 = 0 "439,000,000"
22.6312 fmt 0x26a8c 440000000 = 0 "440,000,000"
22.6477 fmt 0x26a8c 441000000 = 0 "441,000,000"
22.6651 fmt 0x26a8c 442000000 = 0 "442,000,000"
22.6955 fmt 0x26a8c 443000000 = 0 "443,000,000"
22.7277 fmt 0x26a8c 444000000 = 0 "444,000,000"
22.7436 fmt 0x26a8c 445000000 = 0 "445,000,000"
22.7595 fmt 0x26a8c 446000000 = 0 "446,000,000"
22.7915 fmt 0x26a8c 447000000 = 0 "447,000,000"
22.8078 fmt 0x26a8c 448000000 = 0 "448,000,000"
22.8395 fmt 0x26a8c 449000000 = 0 "449,000,000"
22.8714 fmt 0x26a8c 450000000 = 0 "450,000,000"
22.8877 fmt 0x26a8c 451000000 = 0 "451,000,000"
22.9035 fmt 0x26a8c 452000000 = 0 "452,000,000"
22.9355 fmt 0x26a8c 453000000 = 0 "453,000,000"
22.9677 fmt 0x26a8c 454000000 = 0 "454,000,000"
22.9835 fmt 0x26a8c 455000000 = 0 "455,000,000"
22.9996 fmt 0x26a8c 456000000 = 0 "456,000,000"
23.0315 fmt 0x26a8c 457000000 = 0 "457,000,000"
23.0478 fmt 0x26a8c 458000000 = 0 "458,000,000"
23.0795 fmt 0x26a8c 459000000 = 0 "459,000,000"
23.1115 fmt 0x26a8c 460000000 = 0 "460,000,000"
23.1277 fmt 0x26a8c 461000000 = 0 "461,000,000"
23.1435 fmt 0x26a8c 462000000 = 0 "462,000,000"
23.1755 fmt 0x26a8c 463000000 = 0 "463,000,000"
23.2077 fmt 0x26a8c 464000000 = 0 "464,000,000"
23.2235 fmt 0x26a8c 465000000 = 0 "465,000,000"
23.2556 fmt 0x26a8c 466000000 = 0 "466,000,000"
23.2714 fmt 0x26a8c 467000000 = 0 "467,000,000"
23.2879 fmt 0x26a8c 468000000 = 0 "468,000,000"
23.3035 fmt 0x26a8c 469000000 = 0 "469,000,000"
23.3355 fmt 0x26a8c 470000000 = 0 "470,000,000"
23.3677 fmt 0x26a8c 471000000 = 0 "471,000,000"
23.3834 fmt 0x26a8c 472000000 = 0 "472,000,000"
23.3995 fmt 0x26a8c 473000000 = 0 "473,000,000"
23.4315 fmt 0x26a8c 474000000 = 0 "474,000,000"
23.4478 fmt 0x26a8c 475000000 = 0 "475,000,000"
23.4795 fmt 0x26a8c 476000000 = 0 "476,000,000"
23.5116 fmt 0x26a8c 477000000 = 0 "477,000,000"
23.5277 fmt 0x26a8c 478000000 = 0 "478,000,000"
23.5435 fmt 0x26a8c 479000000 = 0 "479,000,000"
23.5755 fmt 0x26a8c 480000000 = 0 "480,000,000"
23.6077 fmt 0x26a8c 481000000 = 0 "481,000,000"
23.6234 fmt 0x26a8c 482000000 = 0 "482,000,000"
23.6395 fmt 0x26a8c 483000000 = 0 "483,000,000"
23.6715 fmt 0x26a8c 484000000 = 0 "484,000,000"
23.6878 fmt 0x26a8c 485000000 = 0 "485,000,000"
23.7195 fmt 0x26a8c 486000000 = 0 "486,000,000"
23.7515 fmt 0x26a8c 487000000 = 0 "487,000,000"
23.7679 fmt 0x26a8c 488000000 = 0 "488,000,000"
23.7835 fmt 0x26a8c 489000000 = 0 "489,000,000"
23.8155 fmt 0x26a8c 490000000 = 0 "490,000,000"
23.8477 fmt 0x26a8c 491000000 = 0 "491,000,000"
23.8635 fmt 0x26a8c 492000000 = 0 "492,000,000"
23.8954 fmt 0x26a8c 493000000 = 0 "493,000,000"
23.9115 fmt 0x26a8c 494000000 = 0 "494,000,000"
23.9278 fmt 0x26a8c 495000000 = 0 "495,000,000"
23.9595 fmt 0x26a8c 496000000 = 0 "496,000,000"
23.9915 fmt 0x26a8c 497000000 = 0 "497,000,000"
24.0077 fmt 0x26a8c 498000000 = 0 "498,000,000"
24.0236 fmt 0x26a8c 499000000 = 0 "499,000,000"
24.0555 fmt 0x26a8c 500000000 = 0 "500,000,000"
24.0877 fmt 0x26a8c 501000000 = 0 "501,000,000"
24.1035 fmt 0x26a8c 502000000 = 0 "502,000,000"
24.1355 fmt 0x26a8c 503000000 = 0 "503,000,000"
24.1515 fmt 0x26a8c 504000000 = 0 "504,000,000"
24.1678 fmt 0x26a8c 505000000 = 0 "505,000,000"
24.1995 fmt 0x26a8c 506000000 = 0 "506,000,000"
24.2315 fmt 0x26a8c 507000000 = 0 "507,000,000"
24.2477 fmt 0x26a8c 508000000 = 0 "508,000,000"
24.2797 fmt 0x26a8c 509000000 = 0 "509,000,000"
24.2955 fmt 0x26a8c 510000000 = 0 "510,000,000"
24.3277 fmt 0x26a8c 511000000 = 0 "511,000,000"
24.3435 fmt 0x26a8c 512000000 = 0 "512,000,000"
24.3755 fmt 0x26a8c 513000000 = 0 "513,000,000"
24.4077 fmt 0x26a8c 514000000 = 0 "514,000,000"
24.4235 fmt 0x26a8c 515000000 = 0 "515,000,000"
24.4555 fmt 0x26a8c 516000000 = 0 "516,000,000"
24.4877 fmt 0x26a8c 517000000 = 0 "517,000,000"
24.5034 fmt 0x26a8c 518000000 = 0 "518,000,000"
24.5356 fmt 0x26a8c 519000000 = 0 "519,000,000"
24.5515 fmt 0x26a8c 520000000 = 0 "520,000,000"
24.5678 fmt 0x26a8c 521000000 = 0 "521,000,000"
24.5995 fmt 0x26a8c 522000000 = 0 "522,000,000"
24.6315 fmt 0x26a8c 523000000 = 0 "523,000,000"
24.6478 fmt 0x26a8c 524000000 = 0 "524,000,000"
24.6637 fmt 0x26a8c 525000000 = 0 "525,000,000"
24.6814 fmt 0x26a8c 526000000 = 0 "526,000,000"
24.7117 fmt 0x26a8c 527000000 = 0 "527,000,000"
24.7280 fmt 0x26a8c 528000000 = 0 "528,000,000"
24.7597 fmt 0x26a8c 529000000 = 0 "529,000,000"
24.7918 fmt 0x26a8c 530000000 = 0 "530,000,000"
24.8080 fmt 0x26a8c 531000000 = 0 "531,000,000"
24.8237 fmt 0x26a8c 532000000 = 0 "532,000,000"
24.8557 fmt 0x26a8c 533000000 = 0 "533,000,000"
24.8879 fmt 0x26a8c 534000000 = 0 "534,000,000"
24.9037 fmt 0x26a8c 535000000 = 0 "535,000,000"
24.9197 fmt 0x26a8c 536000000 = 0 "536,000,000"
24.9517 fmt 0x26a8c 537000000 = 0 "537,000,000"
24.9680 fmt 0x26a8c 538000000 = 0 "538,000,000"
24.9997 fmt 0x26a8c 539000000 = 0 "539,000,000"
25.0317 fmt 0x26a8c 540000000 = 0 "540,000,000"
25.0481 fmt 0x26a8c 541000000 = 0 "541,000,000"
25.0637 fmt 0x26a8c 542000000 = 0 "542,000,000"
25.0957 fmt 0x26a8c 543000000 = 0 "543,000,000"
25.1279 fmt 0x26a8c 544000000 = 0 "544,000,000"
25.1437 fmt 0x26a8c 545000000 = 0 "545,000,000"
25.1757 fmt 0x26a8c 546000000 = 0 "546,000,000"
25.1917 fmt 0x26a8c 547000000 = 0 "547,000,000"
25.2080 fmt 0x26a8c 548000000 = 0 "548,000,000"
25.2397 fmt 0x26a8c 549000000 = 0 "549,000,000"
25.2718 fmt 0x26a8c 550000000 = 0 "550,000,000"
25.2880 fmt 0x26a8c 551000000 = 0 "551,000,000"
25.3038 fmt 0x26a8c 552000000 = 0 "552,000,000"
25.3197 fmt 0x26a8c 553000000 = 0 "553,000,000"
25.3517 fmt 0x26a8c 554000000 = 0 "554,000,000"
25.3680 fmt 0x26a8c 555000000 = 0 "555,000,000"
25.3997 fmt 0x26a8c 556000000 = 0 "556,000,000"
25.4317 fmt 0x26a8c 557000000 = 0 "557,000,000"
25.4480 fmt 0x26a8c 558000000 = 0 "558,000,000"
25.4637 fmt 0x26a8c 559000000 = 0 "559,000,000"
25.4957 fmt 0x26a8c 560000000 = 0 "560,000,000"
25.5280 fmt 0x26a8c 561000000 = 0 "561,000,000"
25.5437 fmt 0x26a8c 562000000 = 0 "562,000,000"
25.5599 fmt 0x26a8c 563000000 = 0 "563,000,000"
25.5917 fmt 0x26a8c 564000000 = 0 "564,000,000"
25.6080 fmt 0x26a8c 565000000 = 0 "565,000,000"
25.6397 fmt 0x26a8c 566000000 = 0 "566,000,000"
25.6717 fmt 0x26a8c 567000000 = 0 "567,000,000"
25.6880 fmt 0x26a8c 568000000 = 0 "568,000,000"
25.7037 fmt 0x26a8c 569000000 = 0 "569,000,000"
25.7357 fmt 0x26a8c 570000000 = 0 "570,000,000"
25.7680 fmt 0x26a8c 571000000 = 0 "571,000,000"
25.7837 fmt 0x26a8c 572000000 = 0 "572,000,000"
25.8158 fmt 0x26a8c 573000000 = 0 "573,000,000"
25.8317 fmt 0x26a8c 574000000 = 0 "574,000,000"
25.8480 fmt 0x26a8c 575000000 = 0 "575,000,000"
25.8797 fmt 0x26a8c 576000000 = 0 "576,000,000"
25.9117 fmt 0x26a8c 577000000 = 0 "577,000,000"
25.9280 fmt 0x26a8c 578000000 = 0 "578,000,000"
25.9438 fmt 0x26a8c 579000000 = 0 "579,000,000"
25.9757 fmt 0x26a8c 580000000 = 0 "580,000,000"
26.0079 fmt 0x26a8c 581000000 = 0 "581,000,000"
26.0237 fmt 0x26a8c 582000000 = 0 "582,000,000"
26.0557 fmt 0x26a8c 583000000 = 0 "583,000,000"
26.0719 fmt 0x26a8c 584000000 = 0 "584,000,000"
26.0880 fmt 0x26a8c 585000000 = 0 "585,000,000"
26.1197 fmt 0x26a8c 586000000 = 0 "586,000,000"
26.1517 fmt 0x26a8c 587000000 = 0 "587,000,000"
26.1680 fmt 0x26a8c 588000000 = 0 "588,000,000"
26.1997 fmt 0x26a8c 589000000 = 0 "589,000,000"
26.2157 fmt 0x26a8c 590000000 = 0 "590,000,000"
26.2479 fmt 0x26a8c 591000000 = 0 "591,000,000"
26.2638 fmt 0x26a8c 592000000 = 0 "592,000,000"
26.2797 fmt 0x26a8c 593000000 = 0 "593,000,000"
26.3117 fmt 0x26a8c 594000000 = 0 "594,000,000"
26.3281 fmt 0x26a8c 595000000 = 0 "595,000,000"
26.3437 fmt 0x26a8c 596000000 = 0 "596,000,000"
26.3757 fmt 0x26a8c 597000000 = 0 "597,000,000"
26.4080 fmt 0x26a8c 598000000 = 0 "598,000,000"
26.4237 fmt 0x26a8c 599000000 = 0 "599,000,000"
26.4557 fmt 0x26a8c 600000000 = 0 "600,000,000"
26.4717 fmt 0x26a8c 601000000 = 0 "601,000,000"
26.4880 fmt 0x26a8c 602000000 = 0 "602,000,000"
26.5197 fmt 0x26a8c 603000000 = 0 "603,000,000"
26.5517 fmt 0x26a8c 604000000 = 0 "604,000,000"
26.5680 fmt 0x26a8c 605000000 = 0 "605,000,000"
26.5839 fmt 0x26a8c 606000000 = 0 "606,000,000"
26.6157 fmt 0x26a8c 607000000 = 0 "607,000,000"
26.6479 fmt 0x26a8c 608000000 = 0 "608,000,000"
26.6637 fmt 0x26a8c 609000000 = 0 "609,000,000"
26.6976 fmt 0x26a8c 610000000 = 0 "610,000,000"
26.7120 fmt 0x26a8c 611000000 = 0 "611,000,000"
26.7282 fmt 0x26a8c 612000000 = 0 "612,000,000"
26.7439 fmt 0x26a8c 613000000 = 0 "613,000,000"
26.7760 fmt 0x26a8c 614000000 = 0 "614,000,000"
26.8082 fmt 0x26a8c 615000000 = 0 "615,000,000"
26.8240 fmt 0x26a8c 616000000 = 0 "616,000,000"
26.8401 fmt 0x26a8c 617000000 = 0 "617,000,000"
26.8720 fmt 0x26a8c 618000000 = 0 "618,000,000"
26.8883 fmt 0x26a8c 619000000 = 0 "619,000,000"
26.9200 fmt 0x26a8c 620000000 = 0 "620,000,000"
26.9520 fmt 0x26a8c 621000000 = 0 "621,000,000"
26.9682 fmt 0x26a8c 622000000 = 0 "622,000,000"
26.9840 fmt 0x26a8c 623000000 = 0 "623,000,000"
27.0160 fmt 0x26a8c 624000000 = 0 "624,000,000"
27.0482 fmt 0x26a8c 625000000 = 0 "625,000,000"
27.0640 fmt 0x26a8c 626000000 = 0 "626,000,000"
27.0961 fmt 0x26a8c 627000000 = 0 "627,000,000"
27.1120 fmt 0x26a8c 628000000 = 0 "628,000,000"
27.1282 fmt 0x26a8c 629000000 = 0 "629,000,000"
27.1600 fmt 0x26a8c 630000000 = 0 "630,000,000"
27.1920 fmt 0x26a8c 631000000 = 0 "631,000,000"
27.2083 fmt 0x26a8c 632000000 = 0 "632,000,000"
27.2240 fmt 0x26a8c 633000000 = 0 "633,000,000"
27.2561 fmt 0x26a8c 634000000 = 0 "634,000,000"
27.2720 fmt 0x26a8c 635000000 = 0 "635,000,000"
27.2883 fmt 0x26a8c 636000000 = 0 "636,000,000"
27.3200 fmt 0x26a8c 637000000 = 0 "637,000,000"
27.3521 fmt 0x26a8c 638000000 = 0 "638,000,000"
27.3682 fmt 0x26a8c 639000000 = 0 "639,000,000"
27.3839 fmt 0x26a8c 640000000 = 0 "640,000,000"
27.4160 fmt 0x26a8c 641000000 = 0 "641,000,000"
27.4482 fmt 0x26a8c 642000000 = 0 "642,000,000"
27.4640 fmt 0x26a8c 643000000 = 0 "643,000,000"
27.4800 fmt 0x26a8c 644000000 = 0 "644,000,000"
27.5120 fmt 0x26a8c 645000000 = 0 "645,000,000"
27.5283 fmt 0x26a8c 646000000 = 0 "646,000,000"
27.5600 fmt 0x26a8c 647000000 = 0 "647,000,000"
27.5920 fmt 0x26a8c 648000000 = 0 "648,000,000"
27.6084 fmt 0x26a8c 649000000 = 0 "649,000,000"
27.6240 fmt 0x26a8c 650000000 = 0 "650,000,000"
27.6560 fmt 0x26a8c 651000000 = 0 "651,000,000"
27.6882 fmt 0x26a8c 652000000 = 0 "652,000,000"
27.7040 fmt 0x26a8c 653000000 = 0 "653,000,000"
27.7360 fmt 0x26a8c 654000000 = 0 "654,000,000"
27.7520 fmt 0x26a8c 655000000 = 0 "655,000,000"
27.7683 fmt 0x26a8c 656000000 = 0 "656,000,000"
27.8000 fmt 0x26a8c 657000000 = 0 "657,000,000"
27.8320 fmt 0x26a8c 658000000 = 0 "658,000,000"
27.8483 fmt 0x26a8c 659000000 = 0 "659,000,000"
27.8641 fmt 0x26a8c 660000000 = 0 "660,000,000"
27.8960 fmt 0x26a8c 661000000 = 0 "661,000,000"
27.9282 fmt 0x26a8c 662000000 = 0 "662,000,000"
27.9440 fmt 0x26a8c 663000000 = 0 "663,000,000"
27.9760 fmt 0x26a8c 664000000 = 0 "664,000,000"
27.9920 fmt 0x26a8c 665000000 = 0 "665,000,000"
28.0082 fmt 0x26a8c 666000000 = 0 "666,000,000"
28.0400 fmt 0x26a8c 667000000 = 0 "667,000,000"
28.0720 fmt 0x26a8c 668000000 = 0 "668,000,000"
28.0883 fmt 0x26a8c 669000000 = 0 "669,000,000"
28.1201 fmt 0x26a8c 670000000 = 0 "670,000,000"
28.1359 fmt 0x26a8c 671000000 = 0 "671,000,000"
28.1682 fmt 0x26a8c 672000000 = 0 "672,000,000"
28.1840 fmt 0x26a8c 673000000 = 0 "673,000,000"
28.2160 fmt 0x26a8c 674000000 = 0 "674,000,000"
28.2483 fmt 0x26a8c 675000000 = 0 "675,000,000"
28.2640 fmt 0x26a8c 676000000 = 0 "676,000,000"
28.2960 fmt 0x26a8c 677000000 = 0 "677,000,000"
28.3282 fmt 0x26a8c 678000000 = 0 "678,000,000"
28.3440 fmt 0x26a8c 679000000 = 0 "679,000,000"
28.3761 fmt 0x26a8c 680000000 = 0 "680,000,000"
28.3919 fmt 0x26a8c 681000000 = 0 "681,000,000"
28.4083 fmt 0x26a8c 682000000 = 0 "682,000,000"
28.4400 fmt 0x26a8c 683000000 = 0 "683,000,000"
28.4720 fmt 0x26a8c 684000000 = 0 "684,000,000"
28.4882 fmt 0x26a8c 685000000 = 0 "685,000,000"
28.5040 fmt 0x26a8c 686000000 = 0 "686,000,000"
28.5360 fmt 0x26a8c 687000000 = 0 "687,000,000"
28.5682 fmt 0x26a8c 688000000 = 0 "688,000,000"
28.5840 fmt 0x26a8c 689000000 = 0 "689,000,000"
28.6160 fmt 0x26a8c 690000000 = 0 "690,000,000"
28.6321 fmt 0x26a8c 691000000 = 0 "691,000,000"
28.6483 fmt 0x26a8c 692000000 = 0 "692,000,000"
28.6800 fmt 0x26a8c 693000000 = 0 "693,000,000"
28.7140 fmt 0x26a8c 694000000 = 0 "694,000,000"
28.7289 fmt 0x26a8c 695000000 = 0 "695,000,000"
28.7449 fmt 0x26a8c 696000000 = 0 "696,000,000"
28.7611 fmt 0x26a8c 697000000 = 0 "697,000,000"
28.7771 fmt 0x26a8c 698000000 = 0 "698,000,000"
28.7931 fmt 0x26a8c 699000000 = 0 "699,000,000"
28.8094 fmt 0x26a8c 700000000 = 0 "700,000,000"
28.8256 fmt 0x26a8c 701000000 = 0 "701,000,000"
28.8419 fmt 0x26a8c 702000000 = 0 "702,000,000"
28.8581 fmt 0x26a8c 703000000 = 0 "703,000,000"
28.8744 fmt 0x26a8c 704000000 = 0 "704,000,000"
28.8906 fmt 0x26a8c 705000000 = 0 "705,000,000"
28.9069 fmt 0x26a8c 706000000 = 0 "706,000,000"
28.9231 fmt 0x26a8c 707000000 = 0 "707,000,000"
28.9394 fmt 0x26a8c 708000000 = 0 "708,000,000"
28.9557 fmt 0x26a8c 709000000 = 0 "709,000,000"
28.9717 fmt 0x26a8c 710000000 = 0 "710,000,000"
28.9876 fmt 0x26a8c 711000000 = 0 "711,000,000"
29.0036 fmt 0x26a8c 712000000 = 0 "712,000,000"
29.0196 fmt 0x26a8c 713000000 = 0 "713,000,000"
29.0356 fmt 0x26a8c 714000000 = 0 "714,000,000"
29.0516 fmt 0x26a8c 715000000 = 0 "715,000,000"
29.0677 fmt 0x26a8c 716000000 = 0 "716,000,000"
29.0837 fmt 0x26a8c 717000000 = 0 "717,000,000"
29.0997 fmt 0x26a8c 718000000 = 0 "718,000,000"
29.1156 fmt 0x26a8c 719000000 = 0 "719,000,000"
29.1319 fmt 0x26a8c 720000000 = 0 "720,000,000"
29.1481 fmt 0x26a8c 721000000 = 0 "721,000,000"
29.1644 fmt 0x26a8c 722000000 = 0 "722,000,000"
29.1806 fmt 0x26a8c 723000000 = 0 "723,000,000"
29.1969 fmt 0x26a8c 724000000 = 0 "724,000,000"
29.2131 fmt 0x26a8c 725000000 = 0 "725,000,000"
29.2294 fmt 0x26a8c 726000000 = 0 "726,000,000"
29.2457 fmt 0x26a8c 727000000 = 0 "727,000,000"
29.2616 fmt 0x26a8c 728000000 = 0 "728,000,000"
29.2779 fmt 0x26a8c 729000000 = 0 "729,000,000"
29.2939 fmt 0x26a8c 730000000 = 0 "730,000,000"
29.3099 fmt 0x26a8c 731000000 = 0 "731,000,000"
29.3259 fmt 0x26a8c 732000000 = 0 "732,000,000"
29.3419 fmt 0x26a8c 733000000 = 0 "733,000,000"
29.3579 fmt 0x26a8c 734000000 = 0 "734,000,000"
29.3739 fmt 0x26a8c 735000000 = 0 "735,000,000"
29.3899 fmt 0x26a8c 736000000 = 0 "736,000,000"
29.4059 fmt 0x26a8c 737000000 = 0 "737,000,000"
29.4219 fmt 0x26a8c 738000000 = 0 "738,000,000"
29.4379 fmt 0x26a8c 739000000 = 0 "739,000,000"
29.4541 fmt 0x26a8c 740000000 = 0 "740,000,000"
29.4704 fmt 0x26a8c 741000000 = 0 "741,000,000"
29.4866 fmt 0x26a8c 742000000 = 0 "742,000,000"
29.5029 fmt 0x26a8c 743000000 = 0 "743,000,000"
29.5191 fmt 0x26a8c 744000000 = 0 "744,000,000"
29.5354 fmt 0x26a8c 745000000 = 0 "745,000,000"
29.5516 fmt 0x26a8c 746000000 = 0 "746,000,000"
29.5679 fmt 0x26a8c 747000000 = 0 "747,000,000"
29.5841 fmt 0x26a8c 748000000 = 0 "748,000,000"
29.6004 fmt 0x26a8c 749000000 = 0 "749,000,000"
29.6164 fmt 0x26a8c 750000000 = 0 "750,000,000"
29.6324 fmt 0x26a8c 751000000 = 0 "751,000,000"
29.6484 fmt 0x26a8c 752000000 = 0 "752,000,000"
29.6644 fmt 0x26a8c 753000000 = 0 "753,000,000"
29.6804 fmt 0x26a8c 754000000 = 0 "754,000,000"
29.6964 fmt 0x26a8c 755000000 = 0 "755,000,000"
29.7124 fmt 0x26a8c 756000000 = 0 "756,000,000"
29.7284 fmt 0x26a8c 757000000 = 0 "757,000,000"
29.7444 fmt 0x26a8c 758000000 = 0 "758,000,000"
29.7606 fmt 0x26a8c 759000000 = 0 "759,000,000"
29.7769 fmt 0x26a8c 760000000 = 0 "760,000,000"
29.7931 fmt 0x26a8c 761000000 = 0 "761,000,000"
29.8094 fmt 0x26a8c 762000000 = 0 "762,000,000"
29.8256 fmt 0x26a8c 763000000 = 0 "763,000,000"
29.8419 fmt 0x26a8c 764000000 = 0 "764,000,000"
29.8581 fmt 0x26a8c 765000000 = 0 "765,000,000"
29.8744 fmt 0x26a8c 766000000 = 0 "766,000,000"
29.8906 fmt 0x26a8c 767000000 = 0 "767,000,000"
29.9069 fmt 0x26a8c 768000000 = 0 "768,000,000"
29.9231 fmt 0x26a8c 769000000 = 0 "769,000,000"
29.9392 fmt 0x26a8c 770000000 = 0 "770,000,000"
29.9552 fmt 0x26a8c 771000000 = 0 "771,000,000"
29.9712 fmt 0x26a8c 772000000 = 0 "772,000,000"
29.9871 fmt 0x26a8c 773000000 = 0 "773,000,000"
30.0031 fmt 0x26a8c 774000000 = 0 "774,000,000"
30.0191 fmt 0x26a8c 775000000 = 0 "775,000,000"
30.0351 fmt 0x26a8c 776000000 = 0 "776,000,000"
30.0511 fmt 0x26a8c 777000000 = 0 "777,000,000"
30.0672 fmt 0x26a8c 778000000 = 0 "778,000,000"
30.0831 fmt 0x26a8c 779000000 = 0 "779,000,000"
30.0994 fmt 0x26a8c 780000000 = 0 "780,000,000"
30.1156 fmt 0x26a8c 781000000 = 0 "781,000,000"
30.1319 fmt 0x26a8c 782000000 = 0 "782,000,000"
30.1481 fmt 0x26a8c 783000000 = 0 "783,000,000"
30.1644 fmt 0x26a8c 784000000 = 0 "784,000,000"
30.1806 fmt 0x26a8c 785000000 = 0 "785,000,000"
30.1969 fmt 0x26a8c 786000000 = 0 "786,000,000"
30.2131 fmt 0x26a8c 787000000 = 0 "787,000,000"
30.2294 fmt 0x26a8c 788000000 = 0 "788,000,000"
30.2457 fmt 0x26a8c 789000000 = 0 "789,000,000"
30.2613 fmt 0x26a8c 790000000 = 0 "790,000,000"
30.2776 fmt 0x26a8c 791000000 = 0 "791,000,000"
30.2936 fmt 0x26a8c 792000000 = 0 "792,000,000"
30.3097 fmt 0x26a8c 793000000 = 0 "793,000,000"
30.3257 fmt 0x26a8c 794000000 = 0 "794,000,000"
30.3414 fmt 0x26a8c 795000000 = 0 "795,000,000"
30.3576 fmt 0x26a8c 796000000 = 0 "796,000,000"
30.3739 fmt 0x26a8c 797000000 = 0 "797,000,000"
30.3899 fmt 0x26a8c 798000000 = 0 "798,000,000"
30.4059 fmt 0x26a8c 799000000 = 0 "799,000,000"
30.4218 fmt 0x26a8c 800000000 = 0 "800,000,000"
30.4384 fmt 0x26a8c 801000000 = 0 "801,000,000"
30.4546 fmt 0x26a8c 802000000 = 0 "802,000,000"
30.4709 fmt 0x26a8c 803000000 = 0 "803,000,000"
30.4871 fmt 0x26a8c 804000000 = 0 "804,000,000"
30.5031 fmt 0x26a8c 805000000 = 0 "805,000,000"
30.5194 fmt 0x26a8c 806000000 = 0 "806,000,000"
30.5356 fmt 0x26a8c 807000000 = 0 "807,000,000"
30.5519 fmt 0x26a8c 808000000 = 0 "808,000,000"
30.5682 fmt 0x26a8c 809000000 = 0 "809,000,000"
30.5839 fmt 0x26a8c 810000000 = 0 "810,000,000"
30.6002 fmt 0x26a8c 811000000 = 0 "811,000,000"
30.6161 fmt 0x26a8c 812000000 = 0 "812,000,000"
30.6321 fmt 0x26a8c 813000000 = 0 "813,000,000"
30.6481 fmt 0x26a8c 814000000 = 0 "814,000,000"
30.6638 fmt 0x26a8c 815000000 = 0 "815,000,000"
30.6804 fmt 0x26a8c 816000000 = 0 "816,000,000"
30.6964 fmt 0x26a8c 817000000 = 0 "817,000,000"
30.7124 fmt 0x26a8c 818000000 = 0 "818,000,000"
30.7278 fmt 0x26a8c 819000000 = 0 "819,000,000"
30.7462 fmt 0x26a8c 820000000 = 0 "820,000,000"
30.7606 fmt 0x26a8c 821000000 = 0 "821,000,000"
30.7769 fmt 0x26a8c 822000000 = 0 "822,000,000"
30.7931 fmt 0x26a8c 823000000 = 0 "823,000,000"
30.8094 fmt 0x26a8c 824000000 = 0 "824,000,000"
30.8256 fmt 0x26a8c 825000000 = 0 "825,000,000"
30.8419 fmt 0x26a8c 826000000 = 0 "826,000,000"
30.8581 fmt 0x26a8c 827000000 = 0 "827,000,000"
30.8744 fmt 0x26a8c 828000000 = 0 "828,000,000"
30.8906 fmt 0x26a8c 829000000 = 0 "829,000,000"
30.9066 fmt 0x26a8c 830000000 = 0 "830,000,000"
30.9226 fmt 0x26a8c 831000000 = 0 "831,000,000"
30.9387 fmt 0x26a8c 832000000 = 0 "832,000,000"
30.9547 fmt 0x26a8c 833000000 = 0 "833,000,000"
30.9707 fmt 0x26a8c 834000000 = 0 "834,000,000"
30.9866 fmt 0x26a8c 835000000 = 0 "835,000,000"
31.0026 fmt 0x26a8c 836000000 = 0 "836,000,000"
31.0186 fmt 0x26a8c 837000000 = 0 "837,000,000"
31.0346 fmt 0x26a8c 838000000 = 0 "838,000,000"
31.0506 fmt 0x26a8c 839000000 = 0 "839,000,000"
31.0669 fmt 0x26a8c 840000000 = 0 "840,000,000"
31.0831 fmt 0x26a8c 841000000 = 0 "841,000,000"
31.0994 fmt 0x26a8c 842000000 = 0 "842,000,000"
31.1156 fmt 0x26a8c 843000000 = 0 "843,000,000"
31.1319 fmt 0x26a8c 844000000 = 0 "844,000,000"
31.1481 fmt 0x26a8c 845000000 = 0 "845,000,000"
31.1644 fmt 0x26a8c 846000000 = 0 "846,000,000"
31.1806 fmt 0x26a8c 847000000 = 0 "847,000,000"
31.1969 fmt 0x26a8c 848000000 = 0 "848,000,000"
31.2132 fmt 0x26a8c 849000000 = 0 "849,000,000"
31.2292 fmt 0x26a8c 850000000 = 0 "850,000,000"
31.2452 fmt 0x26a8c 851000000 = 0 "851,000,000"
31.2611 fmt 0x26a8c 852000000 = 0 "852,000,000"
31.2771 fmt 0x26a8c 853000000 = 0 "853,000,000"
31.2931 fmt 0x26a8c 854000000 = 0 "854,000,000"
31.3092 fmt 0x26a8c 855000000 = 0 "855,000,000"
31.3252 fmt 0x26a8c 856000000 = 0 "856,000,000"
31.3412 fmt 0x26a8c 857000000 = 0 "857,000,000"
31.3571 fmt 0x26a8c 858000000 = 0 "858,000,000"
31.3734 fmt 0x26a8c 859000000 = 0 "859,000,000"
31.3896 fmt 0x26a8c 860000000 = 0 "860,000,000"
31.4059 fmt 0x26a8c 861000000 = 0 "861,000,000"
31.4221 fmt 0x26a8c 862000000 = 0 "862,000,000"
31.4384 fmt 0x26a8c 863000000 = 0 "863,000,000"
31.4546 fmt 0x26a8c 864000000 = 0 "864,000,000"
31.4709 fmt 0x26a8c 865000000 = 0 "865,000,000"
31.4871 fmt 0x26a8c 866000000 = 0 "866,000,000"
31.5034 fmt 0x26a8c 867000000 = 0 "867,000,000"
31.5196 fmt 0x26a8c 868000000 = 0 "868,000,000"
31.5359 fmt 0x26a8c 869000000 = 0 "869,000,000"
31.5519 fmt 0x26a8c 870000000 = 0 "870,000,000"
31.5679 fmt 0x26a8c 871000000 = 0 "871,000,000"
31.5839 fmt 0x26a8c 872000000 = 0 "872,000,000"
31.5999 fmt 0x26a8c 873000000 = 0 "873,000,000"
31.6159 fmt 0x26a8c 874000000 = 0 "874,000,000"
31.6319 fmt 0x26a8c 875000000 = 0 "875,000,000"
31.6479 fmt 0x26a8c 876000000 = 0 "876,000,000"
31.6639 fmt 0x26a8c 877000000 = 0 "877,000,000"
31.6799 fmt 0x26a8c 878000000 = 0 "878,000,000"
31.6959 fmt 0x26a8c 879000000 = 0 "879,000,000"
31.7121 fmt 0x26a8c 880000000 = 0 "880,000,000"
31.7284 fmt 0x26a8c 881000000 = 0 "881,000,000"
31.7446 fmt 0x26a8c 882000000 = 0 "882,000,000"
31.7609 fmt 0x26a8c 883000000 = 0 "883,000,000"
31.7771 fmt 0x26a8c 884000000 = 0 "884,000,000"
31.7934 fmt 0x26a8c 885000000 = 0 "885,000,000"
31.8096 fmt 0x26a8c 886000000 = 0 "886,000,000"
31.8259 fmt 0x26a8c 887000000 = 0 "887,000,000"
31.8421 fmt 0x26a8c 888000000 = 0 "888,000,000"
31.8584 fmt 0x26a8c 889000000 = 0 "889,000,000"
31.8746 fmt 0x26a8c 890000000 = 0 "890,000,000"
31.8906 fmt 0x26a8c 891000000 = 0 "891,000,000"
31.9066 fmt 0x26a8c 892000000 = 0 "892,000,000"
31.9226 fmt 0x26a8c 893000000 = 0 "893,000,000"
31.9387 fmt 0x26a8c 894000000 = 0 "894,000,000"
31.9547 fmt 0x26a8c 895000000 = 0 "895,000,000"
31.9707 fmt 0x26a8c 896000000 = 0 "896,000,000"
31.9866 fmt 0x26a8c 897000000 = 0 "897,000,000"
32.0026 fmt 0x26a8c 898000000 = 0 "898,000,000"
32.0186 fmt 0x26a8c 899000000 = 0 "899,000,000"
32.0349 fmt 0x26a8c 900000000 = 0 "900,000,000"
32.0511 fmt 0x26a8c 901000000 = 0 "901,000,000"
32.0674 fmt 0x26a8c 902000000 = 0 "902,000,000"
32.0836 fmt 0x26a8c 903000000 = 0 "903,000,000"
32.0999 fmt 0x26a8c 904000000 = 0 "904,000,000"
32.1161 fmt 0x26a8c 905000000 = 0 "905,000,000"
32.1324 fmt 0x26a8c 906000000 = 0 "906,000,000"
32.1486 fmt 0x26a8c 907000000 = 0 "907,000,000"
32.1649 fmt 0x26a8c 908000000 = 0 "908,000,000"
32.1811 fmt 0x26a8c 909000000 = 0 "909,000,000"
32.1972 fmt 0x26a8c 910000000 = 0 "910,000,000"
32.2132 fmt 0x26a8c 911000000 = 0 "911,000,000"
32.2292 fmt 0x26a8c 912000000 = 0 "912,000,000"
32.2452 fmt 0x26a8c 913000000 = 0 "913,000,000"
32.2611 fmt 0x26a8c 914000000 = 0 "914,000,000"
32.2771 fmt 0x26a8c 915000000 = 0 "915,000,000"
32.2931 fmt 0x26a8c 916000000 = 0 "916,000,000"
32.3092 fmt 0x26a8c 917000000 = 0 "917,000,000"
32.3252 fmt 0x26a8c 918000000 = 0 "918,000,000"
32.3411 fmt 0x26a8c 919000000 = 0 "919,000,000"
32.3574 fmt 0x26a8c 920000000 = 0 "920,000,000"
32.3736 fmt 0x26a8c 921000000 = 0 "921,000,000"
32.3899 fmt 0x26a8c 922000000 = 0 "922,000,000"
32.4061 fmt 0x26a8c 923000000 = 0 "923,000,000"
32.4224 fmt 0x26a8c 924000000 = 0 "924,000,000"
32.4386 fmt 0x26a8c 925000000 = 0 "925,000,000"
32.4549 fmt 0x26a8c 926000000 = 0 "926,000,000"
32.4711 fmt 0x26a8c 927000000 = 0 "927,000,000"
32.4874 fmt 0x26a8c 928000000 = 0 "928,000,000"
32.5036 fmt 0x26a8c 929000000 = 0 "929,000,000"
32.5196 fmt 0x26a8c 930000000 = 0 "930,000,000"
32.5356 fmt 0x26a8c 931000000 = 0 "931,000,000"
32.5516 fmt 0x26a8c 932000000 = 0 "932,000,000"
32.5677 fmt 0x26a8c 933000000 = 0 "933,000,000"
32.5837 fmt 0x26a8c 934000000 = 0 "934,000,000"
32.5997 fmt 0x26a8c 935000000 = 0 "935,000,000"
32.6156 fmt 0x26a8c 936000000 = 0 "936,000,000"
32.6316 fmt 0x26a8c 937000000 = 0 "937,000,000"
32.6476 fmt 0x26a8c 938000000 = 0 "938,000,000"
32.6636 fmt 0x26a8c 939000000 = 0 "939,000,000"
32.6799 fmt 0x26a8c 940000000 = 0 "940,000,000"
32.6961 fmt 0x26a8c 941000000 = 0 "941,000,000"
32.7124 fmt 0x26a8c 942000000 = 0 "942,000,000"
32.7286 fmt 0x26a8c 943000000 = 0 "943,000,000"
32.7449 fmt 0x26a8c 944000000 = 0 "944,000,000"
32.7609 fmt 0x26a8c 945000000 = 0 "945,000,000"
32.7799 fmt 0x26a8c 946000000 = 0 "946,000,000"
32.7925 fmt 0x26a8c 947000000 = 0 "947,000,000"
32.8116 fmt 0x26a8c 948000000 = 0 "948,000,000"
32.8438 fmt 0x26a8c 949000000 = 0 "949,000,000"
32.8567 fmt 0x26a8c 950000000 = 0 "950,000,000"
32.8759 fmt 0x26a8c 951000000 = 0 "951,000,000"
32.8887 fmt 0x26a8c 952000000 = 0 "952,000,000"
32.9079 fmt 0x26a8c 953000000 = 0 "953,000,000"
32.9211 fmt 0x26a8c 954000000 = 0 "954,000,000"
32.9400 fmt 0x26a8c 955000000 = 0 "955,000,000"
32.9720 fmt 0x26a8c 956000000 = 0 "956,000,000"
32.9847 fmt 0x26a8c 957000000 = 0 "957,000,000"
33.0044 fmt 0x26a8c 958000000 = 0 "958,000,000"
33.0171 fmt 0x26a8c 959000000 = 0 "959,000,000"
33.0363 fmt 0x26a8c 960000000 = 0 "960,000,000"
33.0492 fmt 0x26a8c 961000000 = 0 "961,000,000"
33.0686 fmt 0x26a8c 962000000 = 0 "962,000,000"
33.0819 fmt 0x26a8c 963000000 = 0 "963,000,000"
33.1009 fmt 0x26a8c 964000000 = 0 "964,000,000"
33.1331 fmt 0x26a8c 965000000 = 0 "965,000,000"
33.1459 fmt 0x26a8c 966000000 = 0 "966,000,000"
33.1654 fmt 0x26a8c 967000000 = 0 "967,000,000"
33.1780 fmt 0x26a8c 968000000 = 0 "968,000,000"
33.1975 fmt 0x26a8c 969000000 = 0 "969,000,000"
33.2295 fmt 0x26a8c 970000000 = 0 "970,000,000"
33.2424 fmt 0x26a8c 971000000 = 0 "971,000,000"
33.2615 fmt 0x26a8c 972000000 = 0 "972,000,000"
33.2741 fmt 0x26a8c 973000000 = 0 "973,000,000"
33.2936 fmt 0x26a8c 974000000 = 0 "974,000,000"
33.3060 fmt 0x26a8c 975000000 = 0 "975,000,000"
33.3260 fmt 0x26a8c 976000000 = 0 "976,000,000"
33.3382 fmt 0x26a8c 977000000 = 0 "977,000,000"
33.3579 fmt 0x26a8c 978000000 = 0 "978,000,000"
33.3901 fmt 0x26a8c 979000000 = 0 "979,000,000"
33.4031 fmt 0x26a8c 980000000 = 0 "980,000,000"
33.4224 fmt 0x26a8c 981000000 = 0 "981,000,000"
33.4350 fmt 0x26a8c 982000000 = 0 "982,000,000"
33.4548 fmt 0x26a8c 983000000 = 0 "983,000,000"
33.4870 fmt 0x26a8c 984000000 = 0 "984,000,000"
33.4994 fmt 0x26a8c 985000000 = 0 "985,000,000"
33.5194 fmt 0x26a8c 986000000 = 0 "986,000,000"
33.5316 fmt 0x26a8c 987000000 = 0 "987,000,000"
33.5514 fmt 0x26a8c 988000000 = 0 "988,000,000"
33.5638 fmt 0x26a8c 989000000 = 0 "989,000,000"
33.5834 fmt 0x26a8c 990000000 = 0 "990,000,000"
33.6154 fmt 0x26a8c 991000000 = 0 "991,000,000"
33.6275 fmt 0x26a8c 992000000 = 0 "992,000,000"
33.6479 fmt 0x26a8c 993000000 = 0 "993,000,000"
33.6597 fmt 0x26a8c 994000000 = 0 "994,000,000"
33.6797 fmt 0x26a8c 995000000 = 0 "995,000,000"
33.6920 fmt 0x26a8c 996000000 = 0 "996,000,000"
33.7121 fmt 0x26a8c 997000000 = 0 "997,000,000"
33.7247 fmt 0x26a8c 998000000 = 0 "998,000,000"
33.7444 fmt 0x26a8c 999000000 = 0 "999,000,000"
33.7766 fmt 0x26a8c 1000000000 = 0 "1,000,000,000"
33.7888 fmt 0x26abc 0 = 257664 "NO SPECIALS"
33.8089 fmt 0x26abc 1 = 0 "1"
33.8207 fmt 0x26abc 2 = 0 "2"
33.8409 fmt 0x26abc 3 = 0 "3"
33.8729 fmt 0x26abc 4 = 0 "4"
33.8851 fmt 0x26abc 5 = 0 "5"
33.9049 fmt 0x26abc 6 = 257664 "UNLIMITED"
33.9167 fmt 0x26b08 0 = 257664 "NONE"
33.9369 fmt 0x26b08 1 = 257664 "DELTRONIC DL-1275 WIDE"
33.9487 fmt 0x26b08 2 = 257664 "DELTRONIC DL-1275 STD."
33.9693 fmt 0x26b08 3 = 257664 "ENTROPY 2000 TD-963CR"
33.9810 fmt 0x26b08 4 = 257664 "BENCHMARK INTELLI-DUAL"
34.0011 fmt 0x26b5c 0 = 257664 "OFF"
34.0334 fmt 0x26b5c 1 = 0 "0:01"
34.0458 fmt 0x26b5c 2 = 0 "0:02"
34.0656 fmt 0x26b5c 3 = 0 "0:03"
34.0777 fmt 0x26b5c 4 = 0 "0:04"
34.0979 fmt 0x26b5c 5 = 0 "0:05"
34.1301 fmt 0x26b5c 6 = 0 "0:06"
34.1419 fmt 0x26b5c 7 = 0 "0:07"
34.1622 fmt 0x26b5c 8 = 0 "0:08"
34.1740 fmt 0x26b5c 9 = 0 "0:09"
34.1942 fmt 0x26b5c 10 = 0 "0:10"
34.2064 fmt 0x26b5c 11 = 0 "0:11"
34.2262 fmt 0x26b5c 12 = 0 "0:12"
34.2381 fmt 0x26b5c 13 = 0 "0:13"
34.2582 fmt 0x26b5c 14 = 0 "0:14"
34.2901 fmt 0x26b5c 15 = 0 "0:15"
34.3023 fmt 0x26b5c 16 = 0 "0:16"
34.3224 fmt 0x26b5c 17 = 0 "0:17"
34.3345 fmt 0x26b5c 18 = 0 "0:18"
34.3547 fmt 0x26b5c 19 = 0 "0:19"
34.3671 fmt 0x26b5c 20 = 0 "0:20"
34.3869 fmt 0x26b5c 21 = 0 "0:21"
34.4191 fmt 0x26b5c 22 = 0 "0:22"
34.4312 fmt 0x26b5c 23 = 0 "0:23"
34.4514 fmt 0x26b5c 24 = 0 "0:24"
34.4632 fmt 0x26b5c 25 = 0 "0:25"
34.4834 fmt 0x26b5c 26 = 0 "0:26"
34.5154 fmt 0x26b5c 27 = 0 "0:27"
34.5275 fmt 0x26b5c 28 = 0 "0:28"
34.5474 fmt 0x26b5c 29 = 0 "0:29"
34.5593 fmt 0x26b5c 30 = 0 "0:30"
34.5794 fmt 0x26b5c 31 = 0 "0:31"
34.5912 fmt 0x26b5c 32 = 0 "0:32"
34.6118 fmt 0x26b5c 33 = 0 "0:33"
34.6235 fmt 0x26b5c 34 = 0 "0:34"
34.6436 fmt 0x26b5c 35 = 0 "0:35"
34.6759 fmt 0x26b5c 36 = 0 "0:36"
34.6883 fmt 0x26b5c 37 = 0 "0:37"
34.7081 fmt 0x26b5c 38 = 0 "0:38"
34.7202 fmt 0x26b5c 39 = 0 "0:39"
34.7404 fmt 0x26b5c 40 = 0 "0:40"
34.7726 fmt 0x26b5c 41 = 0 "0:41"
34.7845 fmt 0x26b5c 42 = 0 "0:42"
34.8047 fmt 0x26b5c 43 = 0 "0:43"
34.8166 fmt 0x26b5c 44 = 0 "0:44"
34.8367 fmt 0x26b5c 45 = 0 "0:45"
34.8489 fmt 0x26b5c 46 = 0 "0:46"
34.8687 fmt 0x26b5c 47 = 0 "0:47"
34.9006 fmt 0x26b5c 48 = 0 "0:48"
34.9125 fmt 0x26b5c 49 = 0 "0:49"
34.9330 fmt 0x26b5c 50 = 0 "0:50"
34.9447 fmt 0x26b5c 51 = 0 "0:51"
34.9649 fmt 0x26b5c 52 = 0 "0:52"
34.9770 fmt 0x26b5c 53 = 0 "0:53"
34.9971 fmt 0x26b5c 54 = 0 "0:54"
35.0096 fmt 0x26b5c 55 = 0 "0:55"
35.0294 fmt 0x26b5c 56 = 0 "0:56"
35.0616 fmt 0x26b5c 57 = 0 "0:57"
35.0738 fmt 0x26b5c 58 = 0 "0:58"
35.0939 fmt 0x26b5c 59 = 0 "0:59"
35.1057 fmt 0x26b5c 60 = 0 "1:00"
35.1259 fmt 0x2ae7c 30 = 0 "30"
35.1578 fmt 0x2ae7c 31 = 0 "31"
35.1701 fmt 0x2ae7c 32 = 0 "32"
35.1898 fmt 0x2ae7c 33 = 0 "33"
35.2017 fmt 0x2ae7c 34 = 0 "34"
35.2218 fmt 0x2ae7c 35 = 0 "35"
35.2338 fmt 0x2ae7c 36 = 0 "36"
35.2537 fmt 0x2ae7c 37 = 0 "37"
35.2660 fmt 0x2ae7c 38 = 0 "38"
35.2860 fmt 0x2ae7c 39 = 0 "39"
35.3182 fmt 0x2ae7c 40 = 0 "40"
35.3309 fmt 0x2ae7c 41 = 0 "41"
35.3504 fmt 0x2ae7c 42 = 0 "42"
35.3627 fmt 0x2ae7c 43 = 0 "43"
35.3826 fmt 0x2ae7c 44 = 0 "44"
35.4148 fmt 0x2ae7c 45 = 0 "45"
35.4270 fmt 0x2ae7c 46 = 0 "46"
35.4468 fmt 0x2ae7c 47 = 0 "47"
35.4590 fmt 0x2ae7c 48 = 0 "48"
35.4788 fmt 0x2ae7c 49 = 0 "49"
35.4913 fmt 0x2ae7c 50 = 0 "50"
35.5107 fmt 0x2ae7c 51 = 0 "51"
35.5427 fmt 0x2ae7c 52 = 0 "52"
35.5550 fmt 0x2ae7c 53 = 0 "53"
35.5750 fmt 0x2ae7c 54 = 0 "54"
35.5874 fmt 0x2ae7c 55 = 0 "55"
35.6069 fmt 0x2ae7c 56 = 0 "56"
35.6195 fmt 0x2ae7c 57 = 0 "57"
35.6391 fmt 0x2ae7c 58 = 0 "58"
35.6521 fmt 0x2ae7c 59 = 0 "59"
35.6713 fmt 0x2ae7c 60 = 0 "60"
35.7035 fmt 0x2ae7c 61 = 257664 "OFF"
35.7162 fmt 0x2aebc -60 = 0 "-60"
35.7357 fmt 0x2aebc -59 = 0 "-59"
35.7484 fmt 0x2aebc -58 = 0 "-58"
35.7679 fmt 0x2aebc -57 = 0 "-57"
35.7999 fmt 0x2aebc -56 = 0 "-56"
35.8128 fmt 0x2aebc -55 = 0 "-55"
35.8319 fmt 0x2aebc -54 = 0 "-54"
35.8446 fmt 0x2aebc -53 = 0 "-53"
35.8638 fmt 0x2aebc -52 = 0 "-52"
35.8765 fmt 0x2aebc -51 = 0 "-51"
35.8962 fmt 0x2aebc -50 = 0 "-50"
35.9087 fmt 0x2aebc -49 = 0 "-49"
35.9280 fmt 0x2aebc -48 = 0 "-48"
35.9602 fmt 0x2aebc -47 = 0 "-47"
35.9735 fmt 0x2aebc -46 = 0 "-46"
35.9924 fmt 0x2aebc -45 = 0 "-45"
36.0055 fmt 0x2aebc -44 = 0 "-44"
36.0246 fmt 0x2aebc -43 = 0 "-43"
36.0569 fmt 0x2aebc -42 = 0 "-42"
36.0697 fmt 0x2aebc -41 = 0 "-41"
36.0889 fmt 0x2aebc -40 = 0 "-40"
36.1019 fmt 0x2aebc -39 = 0 "-39"
36.1208 fmt 0x2aebc -38 = 0 "-38"
36.1341 fmt 0x2aebc -37 = 0 "-37"
36.1528 fmt 0x2aebc -36 = 0 "-36"
36.1848 fmt 0x2aebc -35 = 0 "-35"
36.1977 fmt 0x2aebc -34 = 0 "-34"
36.2171 fmt 0x2aebc -33 = 0 "-33"
36.2301 fmt 0x2aebc -32 = 0 "-32"
36.2490 fmt 0x2aebc -31 = 0 "-31"
36.2622 fmt 0x2aebc -30 = 0 "-30"
36.2813 fmt 0x2aebc -29 = 0 "-29"
36.2949 fmt 0x2aebc -28 = 0 "-28"
36.3135 fmt 0x2aebc -27 = 0 "-27"
36.3457 fmt 0x2aebc -26 = 0 "-26"
36.3591 fmt 0x2aebc -25 = 0 "-25"
36.3780 fmt 0x2aebc -24 = 0 "-24"
36.3909 fmt 0x2aebc -23 = 0 "-23"
36.4100 fmt 0x2aebc -22 = 0 "-22"
36.4420 fmt 0x2aebc -21 = 0 "-21"
36.4553 fmt 0x2aebc -20 = 0 "-20"
36.4740 fmt 0x2aebc -19 = 0 "-19"
36.4869 fmt 0x2aebc -18 = 0 "-18"
36.5030 fmt 0x2aebc -17 = 0 "-17"
36.5231 fmt 0x2aebc -16 = 0 "-16"
36.5356 fmt 0x2aebc -15 = 0 "-15"
36.5553 fmt 0x2aebc -14 = 0 "-14"
36.5876 fmt 0x2aebc -13 = 0 "-13"
36.5997 fmt 0x2aebc -12 = 0 "-12"
36.6191 fmt 0x2aebc -11 = 0 "-11"
36.6320 fmt 0x2aebc -10 = 0 "-10"
36.6510 fmt 0x2aebc -9 = 0 "-9"
36.6832 fmt 0x2aebc -8 = 0 "-8"
36.6965 fmt 0x2aebc -7 = 0 "-7"
36.7152 fmt 0x2aebc -6 = 0 "-6"
36.7282 fmt 0x2aebc -5 = 0 "-5"
36.7472 fmt 0x2aebc -4 = 0 "-4"
36.7602 fmt 0x2aebc -3 = 0 "-3"
36.7796 fmt 0x2aebc -2 = 0 "-2"
36.7922 fmt 0x2aebc -1 = 0 "-1"
36.8113 fmt 0x2aebc 0 = 0 "0"
36.8432 fmt 0x2aebc 1 = 0 "1"
36.8569 fmt 0x2aebc 2 = 0 "2"
36.8754 fmt 0x2aebc 3 = 0 "3"
36.8887 fmt 0x2aebc 4 = 0 "4"
36.9077 fmt 0x2aebc 5 = 0 "5"
36.9400 fmt 0x2aebc 6 = 0 "6"
36.9532 fmt 0x2aebc 7 = 0 "7"
36.9722 fmt 0x2aebc 8 = 0 "8"
37.0045 fmt 0x2aebc 9 = 0 "9"
37.0178 fmt 0x2aebc 10 = 0 "10"
37.0365 fmt 0x2aebc 11 = 0 "11"
37.0495 fmt 0x2aebc 12 = 0 "12"
37.0697 fmt 0x2aebc 13 = 0 "13"
37.1016 fmt 0x2aebc 14 = 0 "14"
37.1135 fmt 0x2aebc 15 = 0 "15"
37.1337 fmt 0x2aebc 16 = 0 "16"
37.1454 fmt 0x2aebc 17 = 0 "17"
37.1656 fmt 0x2aebc 18 = 0 "18"
37.1781 fmt 0x2aebc 19 = 0 "19"
37.1979 fmt 0x2aebc 20 = 0 "20"
37.2302 fmt 0x2aebc 21 = 0 "21"
37.2420 fmt 0x2aebc 22 = 0 "22"
37.2625 fmt 0x2aebc 23 = 0 "23"
37.2742 fmt 0x2aebc 24 = 0 "24"
37.2944 fmt 0x2aebc 25 = 0 "25"
37.3266 fmt 0x2aebc 26 = 0 "26"
37.3389 fmt 0x2aebc 27 = 0 "27"
37.3586 fmt 0x2aebc 28 = 0 "28"
37.3704 fmt 0x2aebc 29 = 0 "29"
37.3908 fmt 0x2aebc 30 = 0 "30"
37.4025 fmt 0x2aebc 31 = 0 "31"
37.4217 fmt 0x2aebc 32 = 0 "32"
37.4345 fmt 0x2aebc 33 = 0 "33"
37.4546 fmt 0x2aebc 34 = 0 "34"
37.4865 fmt 0x2aebc 35 = 0 "35"
37.4991 fmt 0x2aebc 36 = 0 "36"
37.5188 fmt 0x2aebc 37 = 0 "37"
37.5310 fmt 0x2aebc 38 = 0 "38"
37.5512 fmt 0x2aebc 39 = 0 "39"
37.5820 fmt 0x2aebc 40 = 0 "40"
37.5955 fmt 0x2aebc 41 = 0 "41"
37.6157 fmt 0x2aebc 42 = 0 "42"
37.6464 fmt 0x2aebc 43 = 0 "43"
37.6600 fmt 0x2aebc 44 = 0 "44"
37.6784 fmt 0x2aebc 45 = 0 "45"
37.6917 fmt 0x2aebc 46 = 0 "46"
37.7105 fmt 0x2aebc 47 = 0 "47"
37.7424 fmt 0x2aebc 48 = 0 "48"
37.7557 fmt 0x2aebc 49 = 0 "49"
37.7744 fmt 0x2aebc 50 = 0 "50"
37.7877 fmt 0x2aebc 51 = 0 "51"
37.8064 fmt 0x2aebc 52 = 0 "52"
37.8204 fmt 0x2aebc 53 = 0 "53"
37.8386 fmt 0x2aebc 54 = 0 "54"
37.8708 fmt 0x2aebc 55 = 0 "55"
37.8845 fmt 0x2aebc 56 = 0 "56"
37.9034 fmt 0x2aebc 57 = 0 "57"
37.9167 fmt 0x2aebc 58 = 0 "58"
37.9353 fmt 0x2aebc 59 = 0 "59"
37.9675 fmt 0x2aebc 60 = 0 "60"
37.9814 fmt 0x2aebc 125 = 0 "125"
37.9996 fmt 0x2aebc 250 = 0 "250"
38.0129 fmt 0x2aebc 375 = 0 "375"
38.0316 fmt 0x2aebc 500 = 0 "500"
38.0450 fmt 0x2aebc 625 = 0 "625"
38.0640 fmt 0x2aebc 750 = 0 "750"
38.0770 fmt 0x2aebc 875 = 0 "875"
38.0955 fmt 0x2aebc 1000 = 0 "1000"
38.1275 fmt 0x2aebc 1125 = 0 "1125"
38.1415 fmt 0x2aebc 1250 = 0 "1250"
38.1597 fmt 0x2aebc 1375 = 0 "1375"
38.1735 fmt 0x2aebc 1500 = 0 "1500"
38.1920 fmt 0x2aebc 1625 = 0 "1625"
38.2244 fmt 0x2aebc 1750 = 0 "1750"
38.2377 fmt 0x2aebc 1875 = 0 "1875"
38.2562 fmt 0x2aebc 2000 = 0 "2000"
38.2885 fmt 0x2aebc 2125 = 0 "2125"
38.3023 fmt 0x2aebc 2250 = 0 "2250"
38.3205 fmt 0x2aebc 2375 = 0 "2375"
38.3340 fmt 0x2aebc 2500 = 0 "2500"
38.3525 fmt 0x2aebc 2625 = 0 "2625"
38.3844 fmt 0x2aebc 2750 = 0 "2750"
38.3979 fmt 0x2aebc 2875 = 0 "2875"
38.4166 fmt 0x2aebc 3000 = 0 "3000"
38.4300 fmt 0x2aebc 3125 = 0 "3125"
38.4484 fmt 0x2aebc 3250 = 0 "3250"
38.4626 fmt 0x2aebc 3375 = 0 "3375"
38.4807 fmt 0x2aebc 3500 = 0 "3500"
38.5129 fmt 0x2aebc 3625 = 0 "3625"
38.5267 fmt 0x2aebc 3750 = 0 "3750"
38.5456 fmt 0x2aebc 3875 = 0 "3875"
38.5590 fmt 0x2aebc 4000 = 0 "4000"
38.5774 fmt 0x2aebc 4125 = 0 "4125"
38.6097 fmt 0x2aebc 4250 = 0 "4250"
38.6238 fmt 0x2aebc 4375 = 0 "4375"
38.6419 fmt 0x2aebc 4500 = 0 "4500"
38.6555 fmt 0x2aebc 4625 = 0 "4625"
38.6741 fmt 0x2aebc 4750 = 0 "4750"
38.6875 fmt 0x2aebc 4875 = 0 "4875"
38.7064 fmt 0x2aebc 5000 = 0 "5000"
38.7195 fmt 0x2aebc 5125 = 0 "5125"
38.7380 fmt 0x2aebc 5250 = 0 "5250"
38.7699 fmt 0x2aebc 5375 = 0 "5375"
38.7841 fmt 0x2aebc 5500 = 0 "5500"
38.8022 fmt 0x2aebc 5625 = 0 "5625"
38.8160 fmt 0x2aebc 5750 = 0 "5750"
38.8344 fmt 0x2aebc 5875 = 0 "5875"
38.8667 fmt 0x2aebc 6000 = 0 "6000"
38.8805 fmt 0x2aebc 6125 = 0 "6125"
38.8989 fmt 0x2aebc 6250 = 0 "6250"
38.9311 fmt 0x2aebc 6375 = 0 "6375"
38.9451 fmt 0x2aebc 6500 = 0 "6500"
38.9632 fmt 0x2aebc 6625 = 0 "6625"
38.9767 fmt 0x2aebc 6750 = 0 "6750"
38.9951 fmt 0x2aebc 6875 = 0 "6875"
39.0271 fmt 0x2aebc 7000 = 0 "7000"
39.0407 fmt 0x2aebc 7125 = 0 "7125"
39.0591 fmt 0x2aebc 7250 = 0 "7250"
39.0727 fmt 0x2aebc 7375 = 0 "7375"
39.0911 fmt 0x2aebc 7500 = 0 "7500"
39.1053 fmt 0x2aebc 7625 = 0 "7625"
39.1233 fmt 0x2aebc 7750 = 0 "7750"
39.1556 fmt 0x2aebc 7875 = 0 "7875"
39.1695 fmt 0x2aebc 8000 = 0 "8000"
39.1882 fmt 0x2aebc 8125 = 0 "8125"
39.2017 fmt 0x2aebc 8250 = 0 "8250"
39.2202 fmt 0x2aebc 8375 = 0 "8375"
39.2337 fmt 0x2aebc 8500 = 0 "8500"
39.2520 fmt 0x2aebc 8625 = 0 "8625"
39.2661 fmt 0x2aebc 8750 = 0 "8750"
39.2841 fmt 0x2aebc 8875 = 0 "8875"
39.3160 fmt 0x2aebc 9000 = 0 "9000"
39.3297 fmt 0x2aebc 9125 = 0 "9125"
39.3484 fmt 0x2aebc 9250 = 0 "9250"
39.3617 fmt 0x2aebc 9375 = 0 "9375"
39.3800 fmt 0x2aebc 9500 = 0 "9500"
39.4119 fmt 0x2aebc 9625 = 0 "9625"
39.4263 fmt 0x2aebc 9750 = 0 "9750"
39.4442 fmt 0x2aebc 9875 = 0 "9875"
39.4582 fmt 0x2aebc 9997 = 0 "9997"
39.4765 fmt 0x2aebc 9998 = 0 "9998"
39.5087 fmt 0x2aebc 9999 = 0 "9999"
39.5227 fmt 0x2aecc 0 = 257664 "OFF"
39.5410 fmt 0x2aecc 100 = 0 "100"
39.5732 fmt 0x2aecc 200 = 0 "200"
39.5873 fmt 0x2aecc 300 = 0 "300"
39.6052 fmt 0x2aecc 400 = 0 "400"
39.6189 fmt 0x2aecc 500 = 0 "500"
39.6372 fmt 0x2aecc 600 = 0 "600"
39.6692 fmt 0x2aecc 700 = 0 "700"
39.6830 fmt 0x2aecc 800 = 0 "800"
39.7013 fmt 0x2aecc 900 = 0 "900"
39.7150 fmt 0x2aecc 1000 = 0 "1000"
39.7332 fmt 0x2aecc 1100 = 0 "1100"
39.7476 fmt 0x2aecc 1200 = 0 "1200"
39.7655 fmt 0x2aecc 1300 = 0 "1300"
39.7977 fmt 0x2aecc 1400 = 0 "1400"
39.8117 fmt 0x2aecc 1500 = 0 "1500"
39.8303 fmt 0x2aecc 1600 = 0 "1600"
39.8440 fmt 0x2aecc 1700 = 0 "1700"
39.8622 fmt 0x2aecc 1800 = 0 "1800"
39.8944 fmt 0x2aecc 1900 = 0 "1900"
39.9086 fmt 0x2aecc 2000 = 0 "2000"
39.9265 fmt 0x2aecc 2100 = 0 "2100"
39.9402 fmt 0x2aecc 2200 = 0 "2200"
39.9586 fmt 0x2aecc 2300 = 0 "2300"
39.9722 fmt 0x2aecc 2400 = 0 "2400"
39.9908 fmt 0x2aecc 2500 = 0 "2500"
40.0044 fmt 0x2aecc 2600 = 0 "2600"
40.0227 fmt 0x2aecc 2700 = 0 "2700"
40.0547 fmt 0x2aecc 2800 = 0 "2800"
40.0690 fmt 0x2aecc 2900 = 0 "2900"
40.0869 fmt 0x2aecc 3000 = 0 "3000"
40.1010 fmt 0x2aecc 3100 = 0 "3100"
40.1192 fmt 0x2aecc 3200 = 0 "3200"
40.1514 fmt 0x2aecc 3300 = 0 "3300"
40.1655 fmt 0x2aecc 3400 = 0 "3400"
40.1837 fmt 0x2aecc 3500 = 0 "3500"
40.2160 fmt 0x2aecc 3600 = 0 "3600"
40.2301 fmt 0x2aecc 3700 = 0 "3700"
40.2478 fmt 0x2aecc 3800 = 0 "3800"
40.2617 fmt 0x2aecc 3900 = 0 "3900"
40.2799 fmt 0x2aecc 4000 = 0 "4000"
40.3118 fmt 0x2aecc 4100 = 0 "4100"
40.3257 fmt 0x2aecc 4200 = 0 "4200"
40.3439 fmt 0x2aecc 4300 = 0 "4300"
40.3577 fmt 0x2aecc 4400 = 0 "4400"
40.3759 fmt 0x2aecc 4500 = 0 "4500"
40.3904 fmt 0x2aecc 4600 = 0 "4600"
40.4081 fmt 0x2aecc 4700 = 0 "4700"
40.4403 fmt 0x2aecc 4800 = 0 "4800"
40.4545 fmt 0x2aecc 4900 = 0 "4900"
40.4730 fmt 0x2aecc 5000 = 0 "5000"
40.4867 fmt 0x2aecc 5100 = 0 "5100"
40.5049 fmt 0x2aecc 5200 = 0 "5200"
40.5370 fmt 0x2aecc 5300 = 0 "5300"
40.5513 fmt 0x2aecc 5400 = 0 "5400"
40.5691 fmt 0x2aecc 5500 = 0 "5500"
40.5830 fmt 0x2aecc 5600 = 0 "5600"
40.6012 fmt 0x2aecc 5700 = 0 "5700"
40.6149 fmt 0x2aecc 5800 = 0 "5800"
40.6354 fmt 0x2aecc 5900 = 0 "5900"
40.6469 fmt 0x2aecc 6000 = 0 "6000"
40.6630 fmt 0x2aecc 6100 = 0 "6100"
40.6950 fmt 0x2aecc 6200 = 0 "6200"
40.7135 fmt 0x2aecc 6300 = 0 "6300"
40.7274 fmt 0x2aecc 6400 = 0 "6400"
40.7432 fmt 0x2aecc 6500 = 0 "6500"
40.7752 fmt 0x2aecc 6600 = 0 "6600"
40.7916 fmt 0x2aecc 6700 = 0 "6700"
40.8232 fmt 0x2aecc 6800 = 0 "6800"
40.8552 fmt 0x2aecc 6900 = 0 "6900"
40.8716 fmt 0x2aecc 7000 = 0 "7000"
40.8872 fmt 0x2aecc 7100 = 0 "7100"
40.9192 fmt 0x2aecc 7200 = 0 "7200"
40.9516 fmt 0x2aecc 7300 = 0 "7300"
40.9672 fmt 0x2aecc 7400 = 0 "7400"
40.9834 fmt 0x2aecc 7500 = 0 "7500"
41.0152 fmt 0x2aecc 7600 = 0 "7600"
41.0316 fmt 0x2aecc 7700 = 0 "7700"
41.0632 fmt 0x2aecc 7800 = 0 "7800"
41.0952 fmt 0x2aecc 7900 = 0 "7900"
41.1116 fmt 0x2aecc 8000 = 0 "8000"
41.1272 fmt 0x2aecc 8100 = 0 "8100"
41.1592 fmt 0x2aecc 8200 = 0 "8200"
41.1916 fmt 0x2aecc 8300 = 0 "8300"
41.2073 fmt 0x2aecc 8400 = 0 "8400"
41.2232 fmt 0x2aecc 8500 = 0 "8500"
41.2394 fmt 0x2aecc 8600 = 0 "8600"
41.2715 fmt 0x2aecc 8700 = 0 "8700"
41.2872 fmt 0x2aecc 8800 = 0 "8800"
41.3192 fmt 0x2aecc 8900 = 0 "8900"
41.3516 fmt 0x2aecc 9000 = 0 "9000"
41.3672 fmt 0x2aecc 9100 = 0 "9100"
41.3832 fmt 0x2aecc 9200 = 0 "9200"
41.4152 fmt 0x2aecc 9300 = 0 "9300"
41.4316 fmt 0x2aecc 9400 = 0 "9400"
41.4632 fmt 0x2aecc 9500 = 0 "9500"
41.4953 fmt 0x2aecc 9600 = 0 "9600"
41.5115 fmt 0x2aecc 9700 = 0 "9700"
41.5272 fmt 0x2aecc 9800 = 0 "9800"
41.5592 fmt 0x2aecc 9900 = 0 "9900"
41.5916 fmt 0x2af08 1 = 0 "1%"
41.6072 fmt 0x2af08 2 = 0 "2%"
41.6232 fmt 0x2af08 3 = 0 "3%"
41.6552 fmt 0x2af08 4 = 0 "4%"
41.6716 fmt 0x2af08 5 = 0 "5%"
41.7032 fmt 0x2af08 6 = 0 "6%"
41.7352 fmt 0x2af08 7 = 0 "7%"
41.7517 fmt 0x2af08 8 = 0 "8%"
41.7672 fmt 0x2af08 9 = 0 "9%"
41.7992 fmt 0x2af08 10 = 0 "10%"
41.8316 fmt 0x2af08 11 = 0 "11%"
41.8472 fmt 0x2af08 12 = 0 "12%"
41.8792 fmt 0x2af08 13 = 0 "13%"
41.8952 fmt 0x2af08 14 = 0 "14%"
41.9116 fmt 0x2af08 15 = 0 "15%"
41.9432 fmt 0x2af08 16 = 0 "16%"
41.9752 fmt 0x2af08 17 = 0 "17%"
41.9916 fmt 0x2af08 18 = 0 "18%"
42.0074 fmt 0x2af08 19 = 0 "19%"
42.0392 fmt 0x2af08 20 = 0 "20%"
42.0716 fmt 0x2af08 21 = 0 "21%"
42.0872 fmt 0x2af08 22 = 0 "22%"
42.1192 fmt 0x2af08 23 = 0 "23%"
42.1352 fmt 0x2af08 24 = 0 "24%"
42.1516 fmt 0x2af08 25 = 0 "25%"
42.1832 fmt 0x2af08 26 = 0 "26%"
42.1993 fmt 0x2af08 27 = 0 "27%"
42.2315 fmt 0x2af08 28 = 0 "28%"
42.2472 fmt 0x2af08 29 = 0 "29%"
42.2634 fmt 0x2af08 30 = 0 "30%"
42.2952 fmt 0x2af08 31 = 0 "31%"
42.3116 fmt 0x2af08 32 = 0 "32%"
42.3432 fmt 0x2af08 33 = 0 "33%"
42.3752 fmt 0x2af08 34 = 0 "34%"
42.3916 fmt 0x2af08 35 = 0 "35%"
42.4072 fmt 0x2af08 36 = 0 "36%"
42.4392 fmt 0x2af08 37 = 0 "37%"
42.4715 fmt 0x2af08 38 = 0 "38%"
42.4872 fmt 0x2af08 39 = 0 "39%"
42.5193 fmt 0x2af08 40 = 0 "40%"
42.5352 fmt 0x2af08 41 = 0 "41%"
42.5516 fmt 0x2af08 42 = 0 "42%"
42.5832 fmt 0x2af08 43 = 0 "43%"
42.6152 fmt 0x2af08 44 = 0 "44%"
42.6316 fmt 0x2af08 45 = 0 "45%"
42.6472 fmt 0x2af08 46 = 0 "46%"
42.6792 fmt 0x2af08 47 = 0 "47%"
42.7116 fmt 0x2af08 48 = 0 "48%"
42.7292 fmt 0x2af08 49 = 0 "49%"
42.7435 fmt 0x2af08 50 = 0 "50%"
42.7756 fmt 0x10037b0 131073 = 0 "2-WAY"
42.7918 fmt 0x10037b0 196609 = 0 "3-WAY"
42.8075 fmt 0x10037b0 262145 = 0 "4-WAY"
42.8395 fmt 0x10037b0 327681 = 0 "5-WAY"
42.8718 fmt 0x10037b0 393217 = 0 "6-WAY"
42.8874 fmt 0x10037b0 458753 = 0 "7-WAY"
42.9035 fmt 0x10037b0 524289 = 0 "8-WAY"
42.9355 fmt 0x10037b0 589825 = 0 "9-WAY"
42.9518 fmt 0x10037b0 655361 = 0 "10-WAY"
42.9835 fmt 0x1035f70 0 = 257664 "OFF"
43.0155 fmt 0x1035f70 1 = 0 "1"
43.0320 fmt 0x1035f70 2 = 0 "2"
43.0475 fmt 0x1035f70 3 = 0 "3"
43.0795 fmt 0x1035f70 4 = 0 "4"
43.1119 fmt 0x1035f70 5 = 0 "5"
43.1274 fmt 0x1035f70 6 = 0 "6"
43.1595 fmt 0x1035f70 7 = 0 "7"
43.1755 fmt 0x1035f70 8 = 0 "8"
43.1919 fmt 0x1035f70 9 = 0 "9"
43.2075 fmt 0x1035f70 10 = 0 "10"
43.4155 end
